Component: ARM Compiler 5.06 update 6 (build 750) Tool: armlink [4d35ed]

==============================================================================

Section Cross References

    main.o(.text) refers to chinese.o(.text) for show_chinese16
    main.o(.text) refers to lcd.o(.text) for LCD_ShowString
    main.o(.text) refers to delay.o(.text) for delay_init
    main.o(.text) refers to misc.o(.text) for NVIC_PriorityGroupConfig
    main.o(.text) refers to key.o(.text) for EXTIX_Init
    main.o(.text) refers to usart.o(.text) for uart_init
    main.o(.text) refers to led.o(.text) for LED_Init
    main.o(.text) refers to 24l01.o(.text) for NRF24L01_Init
    main.o(.text) refers to timer.o(.text) for TIM3_Int_Init
    main.o(.text) refers to lcd.o(.data) for POINT_COLOR
    main.o(.text) refers to main.o(.data) for isAns
    main.o(.text) refers to main.o(.bss) for score
    main.o(.text) refers to touch.o(.data) for tp_dev
    main.o(.text) refers to stm32f10x_tim.o(.text) for TIM_ITConfig
    system_stm32f10x.o(.text) refers to system_stm32f10x.o(.data) for SystemCoreClock
    led.o(.text) refers to stm32f10x_rcc.o(.text) for RCC_APB2PeriphClockCmd
    led.o(.text) refers to stm32f10x_gpio.o(.text) for GPIO_Init
    lcd.o(.text) refers to _printf_percent.o(.ARM.Collect$$_printf_percent$$00000000) for _printf_percent
    lcd.o(.text) refers to _printf_x.o(.ARM.Collect$$_printf_percent$$0000000C) for _printf_x
    lcd.o(.text) refers to _printf_hex_int.o(.text) for _printf_longlong_hex
    lcd.o(.text) refers to delay.o(.text) for delay_us
    lcd.o(.text) refers to lcd.o(.bss) for lcddev
    lcd.o(.text) refers to dflt_clz.o(x$fpl$dfltu) for __aeabi_ui2d
    lcd.o(.text) refers to dmul.o(x$fpl$dmul) for __aeabi_dmul
    lcd.o(.text) refers to dfixu.o(x$fpl$dfixu) for __aeabi_d2uiz
    lcd.o(.text) refers to lcd.o(.data) for POINT_COLOR
    lcd.o(.text) refers to stm32f10x_rcc.o(.text) for RCC_APB2PeriphClockCmd
    lcd.o(.text) refers to stm32f10x_gpio.o(.text) for GPIO_PinRemapConfig
    lcd.o(.text) refers to noretval__2printf.o(.text) for __2printf
    lcd.o(.text) refers to lcd.o(.constdata) for asc2_1206
    key.o(.text) refers to stm32f10x_rcc.o(.text) for RCC_APB2PeriphClockCmd
    key.o(.text) refers to stm32f10x_gpio.o(.text) for GPIO_PinRemapConfig
    key.o(.text) refers to stm32f10x_exti.o(.text) for EXTI_Init
    key.o(.text) refers to misc.o(.text) for NVIC_Init
    key.o(.text) refers to delay.o(.text) for delay_ms
    key.o(.text) refers to main.o(.data) for host_press
    spi.o(.text) refers to stm32f10x_spi.o(.text) for SPI_I2S_GetFlagStatus
    spi.o(.text) refers to stm32f10x_rcc.o(.text) for RCC_APB2PeriphClockCmd
    spi.o(.text) refers to stm32f10x_gpio.o(.text) for GPIO_Init
    spi.o(.text) refers to spi.o(.bss) for SPI_InitStructure
    24l01.o(.text) refers to stm32f10x_rcc.o(.text) for RCC_APB2PeriphClockCmd
    24l01.o(.text) refers to stm32f10x_gpio.o(.text) for GPIO_Init
    24l01.o(.text) refers to spi.o(.text) for SPI1_Init
    24l01.o(.text) refers to stm32f10x_spi.o(.text) for SPI_Cmd
    24l01.o(.text) refers to 24l01.o(.constdata) for RX_ADDRESS
    24cxx.o(.text) refers to myiic.o(.text) for IIC_Init
    24cxx.o(.text) refers to delay.o(.text) for delay_ms
    myiic.o(.text) refers to stm32f10x_rcc.o(.text) for RCC_APB2PeriphClockCmd
    myiic.o(.text) refers to stm32f10x_gpio.o(.text) for GPIO_Init
    myiic.o(.text) refers to delay.o(.text) for delay_us
    ctiic.o(.text) refers to delay.o(.text) for delay_us
    ft5206.o(.text) refers to _printf_percent.o(.ARM.Collect$$_printf_percent$$00000000) for _printf_percent
    ft5206.o(.text) refers to _printf_x.o(.ARM.Collect$$_printf_percent$$0000000C) for _printf_x
    ft5206.o(.text) refers to _printf_hex_int.o(.text) for _printf_longlong_hex
    ft5206.o(.text) refers to ctiic.o(.text) for CT_IIC_Start
    ft5206.o(.text) refers to stm32f10x_rcc.o(.text) for RCC_APB2PeriphClockCmd
    ft5206.o(.text) refers to stm32f10x_gpio.o(.text) for GPIO_Init
    ft5206.o(.text) refers to delay.o(.text) for delay_ms
    ft5206.o(.text) refers to noretval__2printf.o(.text) for __2printf
    ft5206.o(.text) refers to ft5206.o(.data) for t
    ft5206.o(.text) refers to touch.o(.data) for tp_dev
    ft5206.o(.text) refers to ft5206.o(.constdata) for FT5206_TPX_TBL
    gt9147.o(.text) refers to _printf_percent.o(.ARM.Collect$$_printf_percent$$00000000) for _printf_percent
    gt9147.o(.text) refers to _printf_s.o(.ARM.Collect$$_printf_percent$$00000014) for _printf_s
    gt9147.o(.text) refers to _printf_str.o(.text) for _printf_str
    gt9147.o(.text) refers to _printf_d.o(.ARM.Collect$$_printf_percent$$00000009) for _printf_d
    gt9147.o(.text) refers to _printf_dec.o(.text) for _printf_int_dec
    gt9147.o(.text) refers to ctiic.o(.text) for CT_IIC_Start
    gt9147.o(.text) refers to stm32f10x_rcc.o(.text) for RCC_APB2PeriphClockCmd
[...]
    .text                                    0x0800aefc   Section        0  _printf_char_file.o(.text)
    .text                                    0x0800af20   Section        8  rt_errno_addr_intlibspace.o(.text)
    .text                                    0x0800af28   Section        0  _printf_char_common.o(.text)
    _printf_input_char                       0x0800af29   Thumb Code    10  _printf_char_common.o(.text)
    .text                                    0x0800af58   Section        0  ferror.o(.text)
    .text                                    0x0800af60   Section        8  libspace.o(.text)
    .text                                    0x0800af68   Section       74  sys_stackheap_outer.o(.text)
    .text                                    0x0800afb2   Section        0  exit.o(.text)
    i.sqrt                                   0x0800afc4   Section        0  sqrt.o(i.sqrt)
    x$fpl$dadd                               0x0800b010   Section      336  daddsub_clz.o(x$fpl$dadd)
    _dadd1                                   0x0800b021   Thumb Code     0  daddsub_clz.o(x$fpl$dadd)
    x$fpl$dcmpinf                            0x0800b160   Section       24  dcmpi.o(x$fpl$dcmpinf)
    x$fpl$dfixu                              0x0800b178   Section       90  dfixu.o(x$fpl$dfixu)
    x$fpl$dflt                               0x0800b1d2   Section       46  dflt_clz.o(x$fpl$dflt)
    x$fpl$dfltu                              0x0800b200   Section       38  dflt_clz.o(x$fpl$dfltu)
    x$fpl$dleqf                              0x0800b228   Section      120  dleqf.o(x$fpl$dleqf)
    x$fpl$dmul                               0x0800b2a0   Section      340  dmul.o(x$fpl$dmul)
    x$fpl$dnaninf                            0x0800b3f4   Section      156  dnaninf.o(x$fpl$dnaninf)
    x$fpl$dretinf                            0x0800b490   Section       12  dretinf.o(x$fpl$dretinf)
    x$fpl$drleqf                             0x0800b49c   Section      108  drleqf.o(x$fpl$drleqf)
    x$fpl$drsb                               0x0800b508   Section       22  daddsub_clz.o(x$fpl$drsb)
    x$fpl$dsqrt                              0x0800b520   Section      460  dsqrt_noumaal.o(x$fpl$dsqrt)
    x$fpl$dsub                               0x0800b6ec   Section      468  daddsub_clz.o(x$fpl$dsub)
    _dsub1                                   0x0800b6fd   Thumb Code     0  daddsub_clz.o(x$fpl$dsub)
    x$fpl$f2d                                0x0800b8c0   Section       86  f2d.o(x$fpl$f2d)
    x$fpl$fadd                               0x0800b918   Section      196  faddsub_clz.o(x$fpl$fadd)
    _fadd1                                   0x0800b927   Thumb Code     0  faddsub_clz.o(x$fpl$fadd)
    x$fpl$fdiv                               0x0800b9dc   Section      388  fdiv.o(x$fpl$fdiv)
    _fdiv1                                   0x0800b9dd   Thumb Code     0  fdiv.o(x$fpl$fdiv)
    x$fpl$ffix                               0x0800bb60   Section       54  ffix.o(x$fpl$ffix)
    x$fpl$ffixu                              0x0800bb98   Section       62  ffixu.o(x$fpl$ffixu)
    x$fpl$fflt                               0x0800bbd8   Section       48  fflt_clz.o(x$fpl$fflt)
    x$fpl$ffltu                              0x0800bc08   Section       38  fflt_clz.o(x$fpl$ffltu)
    x$fpl$fmul                               0x0800bc30   Section      258  fmul.o(x$fpl$fmul)
    x$fpl$fnaninf                            0x0800bd32   Section      140  fnaninf.o(x$fpl$fnaninf)
    x$fpl$fretinf                            0x0800bdbe   Section       10  fretinf.o(x$fpl$fretinf)
    x$fpl$fsub                               0x0800bdc8   Section      234  faddsub_clz.o(x$fpl$fsub)
    _fsub1                                   0x0800bdd7   Thumb Code     0  faddsub_clz.o(x$fpl$fsub)
    .constdata                               0x0800beb2   Section     6080  lcd.o(.constdata)
    x$fpl$usenofp                            0x0800beb2   Section        0  usenofp.o(x$fpl$usenofp)
    .constdata                               0x0800d672   Section       10  24l01.o(.constdata)
    .constdata                               0x0800d67c   Section       10  ft5206.o(.constdata)
    .constdata                               0x0800d686   Section      194  gt9147.o(.constdata)
    .constdata                               0x0800d748   Section       10  ott2001a.o(.constdata)
    .constdata                               0x0800d752   Section       12  touch.o(.constdata)
    .constdata                               0x0800d75e   Section       40  _printf_hex_int.o(.constdata)
    uc_hextab                                0x0800d75e   Data          20  _printf_hex_int.o(.constdata)
    lc_hextab                                0x0800d772   Data          20  _printf_hex_int.o(.constdata)
    .conststring                             0x0800d788   Section      121  touch.o(.conststring)
    .data                                    0x20000000   Section       38  main.o(.data)
    .data                                    0x20000028   Section       20  system_stm32f10x.o(.data)
    .data                                    0x2000003c   Section        4  lcd.o(.data)
    .data                                    0x20000040   Section        1  ft5206.o(.data)
    t                                        0x20000040   Data           1  ft5206.o(.data)
    .data                                    0x20000041   Section        1  gt9147.o(.data)
    t                                        0x20000041   Data           1  gt9147.o(.data)
    .data                                    0x20000042   Section        1  ott2001a.o(.data)
    t                                        0x20000042   Data           1  ott2001a.o(.data)
    .data                                    0x20000044   Section       60  touch.o(.data)
    .data                                    0x20000080   Section        4  timer.o(.data)
    .data                                    0x20000084   Section     1128  chinese.o(.data)
    .data                                    0x200004ec   Section        4  delay.o(.data)
    fac_us                                   0x200004ec   Data           1  delay.o(.data)
    fac_ms                                   0x200004ee   Data           2  delay.o(.data)
    .data                                    0x200004f0   Section        6  usart.o(.data)
    .data                                    0x200004f6   Section       20  stm32f10x_rcc.o(.data)
    APBAHBPrescTable                         0x200004f6   Data          16  stm32f10x_rcc.o(.data)
    ADCPrescTable                            0x20000506   Data           4  stm32f10x_rcc.o(.data)
    .bss                                     0x2000050c   Section       64  main.o(.bss)
    .bss                                     0x2000054c   Section       14  lcd.o(.bss)
    .bss                                     0x2000055a   Section       18  spi.o(.bss)
    .bss                                     0x2000056c   Section      200  usart.o(.bss)
    .bss                                     0x20000634   Section       96  libspace.o(.bss)
    HEAP                                     0x20000698   Section      512  startup_stm32f10x_hd.o(HEAP)
    Heap_Mem                                 0x20000698   Data         512  startup_stm32f10x_hd.o(HEAP)
    STACK                                    0x20000898   Section     1024  startup_stm32f10x_hd.o(STACK)
    Stack_Mem                                0x20000898   Data        1024  startup_stm32f10x_hd.o(STACK)
    __initial_sp                             0x20000c98   Data           0  startup_stm32f10x_hd.o(STACK)

    Global Symbols

    Symbol Name                              Value     Ov Type        Size  Object(Section)

    BuildAttributes$$THM_ISAv4$P$D$K$B$S$PE$A:L22UL41UL21$X:L11$S22US41US21$IEEE1$IW$USESV6$~STKCKD$USESV7$~SHL$OTIME$ROPI$IEEEJ$EBA8$UX$STANDARDLIB$REQ8$PRES8$EABIv2 0x00000000   Number         0  anon$$obj.o ABSOLUTE
    __ARM_use_no_argv                        0x00000000   Number         0  main.o ABSOLUTE
    __ARM_exceptions_init                     - Undefined Weak Reference
    __alloca_initialize                       - Undefined Weak Reference
    __arm_preinit_                            - Undefined Weak Reference
    __cpp_initialize__aeabi_                  - Undefined Weak Reference
    __cxa_finalize                            - Undefined Weak Reference
    __rt_locale                               - Undefined Weak Reference
    __sigvec_lookup                           - Undefined Weak Reference
    _atexit_init                              - Undefined Weak Reference
    _call_atexit_fns                          - Undefined Weak Reference
    _clock_init                               - Undefined Weak Reference
    _fp_trap_init                             - Undefined Weak Reference
    _fp_trap_shutdown                         - Undefined Weak Reference
    _get_lc_collate                           - Undefined Weak Reference
    _get_lc_ctype                             - Undefined Weak Reference
    _get_lc_monetary                          - Undefined Weak Reference
    _get_lc_numeric                           - Undefined Weak Reference
    _get_lc_time                              - Undefined Weak Reference
    _getenv_init                              - Undefined Weak Reference
    _handle_redirection                       - Undefined Weak Reference
    _init_alloc                               - Undefined Weak Reference
    _init_user_alloc                          - Undefined Weak Reference
    _initio                                   - Undefined Weak Reference
    _mutex_acquire                            - Undefined Weak Reference
    _mutex_release                            - Undefined Weak Reference
    _printf_mbtowc                            - Undefined Weak Reference
    _printf_post_padding                      - Undefined Weak Reference
    _printf_pre_padding                       - Undefined Weak Reference
    _printf_truncate_signed                   - Undefined Weak Reference
    _printf_truncate_unsigned                 - Undefined Weak Reference
    _rand_init                                - Undefined Weak Reference
    _signal_finish                            - Undefined Weak Reference
    _signal_init                              - Undefined Weak Reference
    _terminate_alloc                          - Undefined Weak Reference
    _terminate_user_alloc                     - Undefined Weak Reference
    _terminateio                              - Undefined Weak Reference
    __Vectors_Size                           0x00000130   Number         0  startup_stm32f10x_hd.o ABSOLUTE
    __Vectors                                0x08000000   Data           4  startup_stm32f10x_hd.o(RESET)
    __Vectors_End                            0x08000130   Data           0  startup_stm32f10x_hd.o(RESET)
    __main                                   0x08000131   Thumb Code     8  __main.o(!!!main)
    __scatterload                            0x08000139   Thumb Code     0  __scatter.o(!!!scatter)
    __scatterload_rt2                        0x08000139   Thumb Code    44  __scatter.o(!!!scatter)
    __scatterload_rt2_thumb_only             0x08000139   Thumb Code     0  __scatter.o(!!!scatter)
    __scatterload_null                       0x08000147   Thumb Code     0  __scatter.o(!!!scatter)
    __decompress                             0x0800016d   Thumb Code    90  __dczerorl2.o(!!dczerorl2)
    __decompress1                            0x0800016d   Thumb Code     0  __dczerorl2.o(!!dczerorl2)
    __scatterload_zeroinit                   0x080001c9   Thumb Code    28  __scatter_zi.o(!!handler_zi)
    _printf_d                                0x080001e5   Thumb Code     0  _printf_d.o(.ARM.Collect$$_printf_percent$$00000009)
    _printf_percent                          0x080001e5   Thumb Code     0  _printf_percent.o(.ARM.Collect$$_printf_percent$$00000000)
    _printf_x                                0x080001eb   Thumb Code     0  _printf_x.o(.ARM.Collect$$_printf_percent$$0000000C)
    _printf_s                                0x080001f1   Thumb Code     0  _printf_s.o(.ARM.Collect$$_printf_percent$$00000014)
    _printf_percent_end                      0x080001f7   Thumb Code     0  _printf_percent_end.o(.ARM.Collect$$_printf_percent$$00000017)
    __rt_lib_init                            0x080001fb   Thumb Code     0  libinit.o(.ARM.Collect$$libinit$$00000000)
    __rt_lib_init_alloca_1                   0x080001fd   Thumb Code     0  libinit2.o(.ARM.Collect$$libinit$$0000002E)
    __rt_lib_init_argv_1                     0x080001fd   Thumb Code     0  libinit2.o(.ARM.Collect$$libinit$$0000002C)
    __rt_lib_init_atexit_1                   0x080001fd   Thumb Code     0  libinit2.o(.ARM.Collect$$libinit$$0000001B)
    __rt_lib_init_clock_1                    0x080001fd   Thumb Code     0  libinit2.o(.ARM.Collect$$libinit$$00000021)
    __rt_lib_init_cpp_1                      0x080001fd   Thumb Code     0  libinit2.o(.ARM.Collect$$libinit$$00000032)
    __rt_lib_init_exceptions_1               0x080001fd   Thumb Code     0  libinit2.o(.ARM.Collect$$libinit$$00000030)
    __rt_lib_init_fp_1                       0x080001fd   Thumb Code     0  libinit2.o(.ARM.Collect$$libinit$$00000002)
    __rt_lib_init_fp_trap_1                  0x080001fd   Thumb Code     0  libinit2.o(.ARM.Collect$$libinit$$0000001F)
    __rt_lib_init_getenv_1                   0x080001fd   Thumb Code     0  libinit2.o(.ARM.Collect$$libinit$$00000023)
    __rt_lib_init_heap_1                     0x080001fd   Thumb Code     0  libinit2.o(.ARM.Collect$$libinit$$0000000A)
    __rt_lib_init_lc_collate_1               0x080001fd   Thumb Code     0  libinit2.o(.ARM.Collect$$libinit$$00000011)
    __rt_lib_init_lc_ctype_1                 0x080001fd   Thumb Code     0  libinit2.o(.ARM.Collect$$libinit$$00000013)
    __rt_lib_init_lc_monetary_1              0x080001fd   Thumb Code     0  libinit2.o(.ARM.Collect$$libinit$$00000015)
    __rt_lib_init_lc_numeric_1               0x080001fd   Thumb Code     0  libinit2.o(.ARM.Collect$$libinit$$00000017)
    __rt_lib_init_lc_time_1                  0x080001fd   Thumb Code     0  libinit2.o(.ARM.Collect$$libinit$$00000019)
    __rt_lib_init_preinit_1                  0x080001fd   Thumb Code     0  libinit2.o(.ARM.Collect$$libinit$$00000004)
    __rt_lib_init_rand_1                     0x080001fd   Thumb Code     0  libinit2.o(.ARM.Collect$$libinit$$0000000E)
    __rt_lib_init_return                     0x080001fd   Thumb Code     0  libinit2.o(.ARM.Collect$$libinit$$00000033)
    __rt_lib_init_signal_1                   0x080001fd   Thumb Code     0  libinit2.o(.ARM.Collect$$libinit$$0000001D)
    __rt_lib_init_stdio_1                    0x080001fd   Thumb Code     0  libinit2.o(.ARM.Collect$$libinit$$00000025)
    __rt_lib_init_user_alloc_1               0x080001fd   Thumb Code     0  libinit2.o(.ARM.Collect$$libinit$$0000000C)
    __rt_lib_shutdown                        0x080001ff   Thumb Code     0  libshutdown.o(.ARM.Collect$$libshutdown$$00000000)
    __rt_lib_shutdown_cpp_1                  0x08000201   Thumb Code     0  libshutdown2.o(.ARM.Collect$$libshutdown$$00000002)
    __rt_lib_shutdown_fp_trap_1              0x08000201   Thumb Code     0  libshutdown2.o(.ARM.Collect$$libshutdown$$00000007)
    __rt_lib_shutdown_heap_1                 0x08000201   Thumb Code     0  libshutdown2.o(.ARM.Collect$$libshutdown$$0000000F)
    __rt_lib_shutdown_return                 0x08000201   Thumb Code     0  libshutdown2.o(.ARM.Collect$$libshutdown$$00000010)
    __rt_lib_shutdown_signal_1               0x08000201   Thumb Code     0  libshutdown2.o(.ARM.Collect$$libshutdown$$0000000A)
    __rt_lib_shutdown_stdio_1                0x08000201   Thumb Code     0  libshutdown2.o(.ARM.Collect$$libshutdown$$00000004)
    __rt_lib_shutdown_user_alloc_1           0x08000201   Thumb Code     0  libshutdown2.o(.ARM.Collect$$libshutdown$$0000000C)
    __rt_entry                               0x08000203   Thumb Code     0  __rtentry.o(.ARM.Collect$$rtentry$$00000000)
    __rt_entry_presh_1                       0x08000203   Thumb Code     0  __rtentry2.o(.ARM.Collect$$rtentry$$00000002)
    __rt_entry_sh                            0x08000203   Thumb Code     0  __rtentry4.o(.ARM.Collect$$rtentry$$00000004)
    __rt_entry_li                            0x08000209   Thumb Code     0  __rtentry2.o(.ARM.Collect$$rtentry$$0000000A)
    __rt_entry_postsh_1                      0x08000209   Thumb Code     0  __rtentry2.o(.ARM.Collect$$rtentry$$00000009)
    __rt_entry_main                          0x0800020d   Thumb Code     0  __rtentry2.o(.ARM.Collect$$rtentry$$0000000D)
    __rt_entry_postli_1                      0x0800020d   Thumb Code     0  __rtentry2.o(.ARM.Collect$$rtentry$$0000000C)
    __rt_exit                                0x08000215   Thumb Code     0  rtexit.o(.ARM.Collect$$rtexit$$00000000)
    __rt_exit_ls                             0x08000217   Thumb Code     0  rtexit2.o(.ARM.Collect$$rtexit$$00000003)
    __rt_exit_prels_1                        0x08000217   Thumb Code     0  rtexit2.o(.ARM.Collect$$rtexit$$00000002)
    __rt_exit_exit                           0x0800021b   Thumb Code     0  rtexit2.o(.ARM.Collect$$rtexit$$00000004)
    home_page                                0x08000221   Thumb Code   200  main.o(.text)
    show_score                               0x080002e9   Thumb Code   342  main.o(.text)
    lcd_click                                0x0800043f   Thumb Code   282  main.o(.text)
    main                                     0x08000559   Thumb Code   694  main.o(.text)
    NMI_Handler                              0x08000855   Thumb Code     2  stm32f10x_it.o(.text)
    HardFault_Handler                        0x08000857   Thumb Code     4  stm32f10x_it.o(.text)
    MemManage_Handler                        0x0800085b   Thumb Code     4  stm32f10x_it.o(.text)
    BusFault_Handler                         0x0800085f   Thumb Code     4  stm32f10x_it.o(.text)
    UsageFault_Handler                       0x08000863   Thumb Code     4  stm32f10x_it.o(.text)
    SVC_Handler                              0x08000867   Thumb Code     2  stm32f10x_it.o(.text)
    DebugMon_Handler                         0x08000869   Thumb Code     2  stm32f10x_it.o(.text)
    PendSV_Handler                           0x0800086b   Thumb Code     2  stm32f10x_it.o(.text)
    SysTick_Handler                          0x0800086d   Thumb Code     2  stm32f10x_it.o(.text)
    SystemInit                               0x0800094f   Thumb Code    78  system_stm32f10x.o(.text)
    SystemCoreClockUpdate                    0x0800099d   Thumb Code   142  system_stm32f10x.o(.text)
    LED_Init                                 0x08000a51   Thumb Code    72  led.o(.text)
    LCD_WR_REG                               0x08000aa1   Thumb Code    28  lcd.o(.text)
    LCD_WR_DATAX                             0x08000abd   Thumb Code    28  lcd.o(.text)
    LCD_RD_DATA                              0x08000ad9   Thumb Code    98  lcd.o(.text)
    LCD_WriteReg                             0x08000b3b   Thumb Code    40  lcd.o(.text)
    LCD_ReadReg                              0x08000b63   Thumb Code    16  lcd.o(.text)
    LCD_WriteRAM_Prepare                     0x08000b73   Thumb Code    12  lcd.o(.text)
    LCD_WriteRAM                             0x08000b7f   Thumb Code    28  lcd.o(.text)
    LCD_BGR2RGB                              0x08000b9b   Thumb Code    26  lcd.o(.text)
    opt_delay                                0x08000bb5   Thumb Code    14  lcd.o(.text)
    LCD_SetCursor                            0x08000bc3   Thumb Code   956  lcd.o(.text)
    LCD_ReadPoint                            0x08000f7f   Thumb Code   506  lcd.o(.text)
    LCD_DisplayOn                            0x08001179   Thumb Code    92  lcd.o(.text)
    LCD_DisplayOff                           0x080011d5   Thumb Code    90  lcd.o(.text)
    LCD_Scan_Dir                             0x0800122f   Thumb Code  1126  lcd.o(.text)
    LCD_DrawPoint                            0x08001695   Thumb Code    52  lcd.o(.text)
    LCD_Fast_DrawPoint                       0x080016c9   Thumb Code   854  lcd.o(.text)
    LCD_SSD_BackLightSet                     0x08001a1f   Thumb Code   220  lcd.o(.text)
    LCD_Display_Dir                          0x08001afb   Thumb Code   444  lcd.o(.text)
    LCD_Set_Window                           0x08001cb7   Thumb Code  1078  lcd.o(.text)
    LCD_Clear                                0x080020ed   Thumb Code   122  lcd.o(.text)
    LCD_Init                                 0x08002167   Thumb Code 15298  lcd.o(.text)
    LCD_Fill                                 0x08005d29   Thumb Code   200  lcd.o(.text)
    LCD_Color_Fill                           0x08005df1   Thumb Code   116  lcd.o(.text)
    LCD_DrawLine                             0x08005e65   Thumb Code   176  lcd.o(.text)
    LCD_DrawRectangle                        0x08005f15   Thumb Code    60  lcd.o(.text)
    LCD_Draw_Circle                          0x08005f51   Thumb Code   152  lcd.o(.text)
    LCD_ShowChar                             0x08005fe9   Thumb Code   272  lcd.o(.text)
    LCD_Pow                                  0x080060f9   Thumb Code    22  lcd.o(.text)
    LCD_ShowNum                              0x0800610f   Thumb Code   180  lcd.o(.text)
    LCD_ShowxNum                             0x080061c3   Thumb Code   190  lcd.o(.text)
    LCD_ShowString                           0x08006281   Thumb Code   102  lcd.o(.text)
    KEY_Init                                 0x080062e9   Thumb Code    82  key.o(.text)
    EXTIX_Init                               0x0800633b   Thumb Code   192  key.o(.text)
    EXTI9_5_IRQHandler                       0x080063fb   Thumb Code    54  key.o(.text)
    EXTI0_IRQHandler                         0x08006431   Thumb Code    64  key.o(.text)
    EXTI15_10_IRQHandler                     0x08006471   Thumb Code    66  key.o(.text)
    SPI1_ReadWriteByte                       0x080064d5   Thumb Code    78  spi.o(.text)
    SPI1_Init                                0x08006523   Thumb Code   108  spi.o(.text)
    SPI1_SetSpeed                            0x0800658f   Thumb Code    34  spi.o(.text)
    NRF24L01_Init                            0x080065bd   Thumb Code   196  24l01.o(.text)
    NRF24L01_Read_Buf                        0x08006681   Thumb Code    56  24l01.o(.text)
    NRF24L01_Write_Buf                       0x080066b9   Thumb Code    56  24l01.o(.text)
    NRF24L01_Check                           0x080066f1   Thumb Code    72  24l01.o(.text)
    NRF24L01_Write_Reg                       0x08006739   Thumb Code    38  24l01.o(.text)
    NRF24L01_Read_Reg                        0x0800675f   Thumb Code    36  24l01.o(.text)
    NRF24L01_TxPacket                        0x08006783   Thumb Code    94  24l01.o(.text)
    NRF24L01_RxPacket                        0x080067e1   Thumb Code    58  24l01.o(.text)
    NRF24L01_RX_Mode                         0x0800681b   Thumb Code    76  24l01.o(.text)
    NRF24L01_TX_Mode                         0x08006867   Thumb Code    86  24l01.o(.text)
    AT24CXX_Init                             0x080068e9   Thumb Code     8  24cxx.o(.text)
    AT24CXX_ReadOneByte                      0x080068f1   Thumb Code    88  24cxx.o(.text)
    AT24CXX_WriteOneByte                     0x08006949   Thumb Code    80  24cxx.o(.text)
    AT24CXX_WriteLenByte                     0x08006999   Thumb Code    42  24cxx.o(.text)
    AT24CXX_ReadLenByte                      0x080069c3   Thumb Code    44  24cxx.o(.text)
    AT24CXX_Check                            0x080069ef   Thumb Code    46  24cxx.o(.text)
    AT24CXX_Read                             0x08006a1d   Thumb Code    34  24cxx.o(.text)
    AT24CXX_Write                            0x08006a3f   Thumb Code    36  24cxx.o(.text)
    IIC_Init                                 0x08006a65   Thumb Code    52  myiic.o(.text)
    IIC_Start                                0x08006a99   Thumb Code    68  myiic.o(.text)
    IIC_Stop                                 0x08006add   Thumb Code    62  myiic.o(.text)
    IIC_Wait_Ack                             0x08006b1b   Thumb Code    86  myiic.o(.text)
    IIC_Ack                                  0x08006b71   Thumb Code    66  myiic.o(.text)
    IIC_NAck                                 0x08006bb3   Thumb Code    66  myiic.o(.text)
    IIC_Send_Byte                            0x08006bf5   Thumb Code    90  myiic.o(.text)
    IIC_Read_Byte                            0x08006c4f   Thumb Code    98  myiic.o(.text)
    CT_Delay                                 0x08006cbd   Thumb Code    10  ctiic.o(.text)
    CT_IIC_Init                              0x08006cc7   Thumb Code    62  ctiic.o(.text)
    CT_IIC_Start                             0x08006d05   Thumb Code    60  ctiic.o(.text)
    CT_IIC_Stop                              0x08006d41   Thumb Code    64  ctiic.o(.text)
    CT_IIC_Wait_Ack                          0x08006d81   Thumb Code    86  ctiic.o(.text)
    CT_IIC_Ack                               0x08006dd7   Thumb Code    66  ctiic.o(.text)
    CT_IIC_NAck                              0x08006e19   Thumb Code    66  ctiic.o(.text)
    CT_IIC_Send_Byte                         0x08006e5b   Thumb Code    82  ctiic.o(.text)
    CT_IIC_Read_Byte                         0x08006ead   Thumb Code    94  ctiic.o(.text)
    FT5206_WR_Reg                            0x08006f1d   Thumb Code    82  ft5206.o(.text)
    FT5206_RD_Reg                            0x08006f6f   Thumb Code    88  ft5206.o(.text)
    FT5206_Init                              0x08006fc7   Thumb Code   214  ft5206.o(.text)
    FT5206_Scan                              0x0800709d   Thumb Code   400  ft5206.o(.text)
    GT9147_WR_Reg                            0x08007251   Thumb Code    92  gt9147.o(.text)
    GT9147_Send_Cfg                          0x080072ad   Thumb Code    86  gt9147.o(.text)
    GT9147_RD_Reg                            0x08007303   Thumb Code    98  gt9147.o(.text)
    GT9147_Init                              0x08007365   Thumb Code   242  gt9147.o(.text)
    GT9147_Scan                              0x08007457   Thumb Code   408  gt9147.o(.text)
    OTT2001A_WR_Reg                          0x08007635   Thumb Code    92  ott2001a.o(.text)
    OTT2001A_RD_Reg                          0x08007691   Thumb Code    98  ott2001a.o(.text)
    OTT2001A_SensorControl                   0x080076f3   Thumb Code    28  ott2001a.o(.text)
    OTT2001A_Init                            0x0800770f   Thumb Code   156  ott2001a.o(.text)
    OTT2001A_Scan                            0x080077ab   Thumb Code   446  ott2001a.o(.text)
    TP_Write_Byte                            0x080079a1   Thumb Code    56  touch.o(.text)
    TP_Read_AD                               0x080079d9   Thumb Code   132  touch.o(.text)
    TP_Read_XOY                              0x08007a5d   Thumb Code   120  touch.o(.text)
    TP_Read_XY                               0x08007ad5   Thumb Code    38  touch.o(.text)
    TP_Read_XY2                              0x08007afb   Thumb Code   192  touch.o(.text)
    TP_Drow_Touch_Point                      0x08007bbb   Thumb Code   108  touch.o(.text)
    TP_Draw_Big_Point                        0x08007c27   Thumb Code    54  touch.o(.text)
    TP_Scan                                  0x08007c5d   Thumb Code   264  touch.o(.text)
    TP_Save_Adjdata                          0x08007d65   Thumb Code   146  touch.o(.text)
    TP_Get_Adjdata                           0x08007df7   Thumb Code   152  touch.o(.text)
    TP_Adj_Info_Show                         0x08007e8f   Thumb Code   376  touch.o(.text)
    TP_Adjust                                0x08008007   Thumb Code  1250  touch.o(.text)
    TP_Init                                  0x080084e9   Thumb Code   348  touch.o(.text)
    TIM3_Int_Init                            0x08008645   Thumb Code    80  timer.o(.text)
    show_time                                0x08008695   Thumb Code   152  timer.o(.text)
    TIM3_IRQHandler                          0x0800872d   Thumb Code    26  timer.o(.text)
    stop_timing                              0x08008747   Thumb Code    58  timer.o(.text)
    show_chinese                             0x080087c1   Thumb Code   206  chinese.o(.text)
    show_chinese12                           0x0800888f   Thumb Code   210  chinese.o(.text)
    show_chinese16                           0x08008961   Thumb Code   240  chinese.o(.text)
    show_chinese24                           0x08008a51   Thumb Code   258  chinese.o(.text)
    delay_init                               0x08008b61   Thumb Code    50  delay.o(.text)
    delay_us                                 0x08008b93   Thumb Code    72  delay.o(.text)
    delay_ms                                 0x08008bdb   Thumb Code    72  delay.o(.text)
    _sys_exit                                0x08008c35   Thumb Code     6  usart.o(.text)
    fputc                                    0x08008c3b   Thumb Code    24  usart.o(.text)
    uart_init                                0x08008c53   Thumb Code   152  usart.o(.text)
    USART1_IRQHandler                        0x08008ceb   Thumb Code   122  usart.o(.text)
    Reset_Handler                            0x08008d75   Thumb Code     8  startup_stm32f10x_hd.o(.text)
    ADC1_2_IRQHandler                        0x08008d8f   Thumb Code     0  startup_stm32f10x_hd.o(.text)
    ADC3_IRQHandler                          0x08008d8f   Thumb Code     0  startup_stm32f10x_hd.o(.text)
    CAN1_RX1_IRQHandler                      0x08008d8f   Thumb Code     0  startup_stm32f10x_hd.o(.text)
    CAN1_SCE_IRQHandler                      0x08008d8f   Thumb Code     0  startup_stm32f10x_hd.o(.text)
    DMA1_Channel1_IRQHandler                 0x08008d8f   Thumb Code     0  startup_stm32f10x_hd.o(.text)
    DMA1_Channel2_IRQHandler                 0x08008d8f   Thumb Code     0  startup_stm32f10x_hd.o(.text)
    DMA1_Channel3_IRQHandler                 0x08008d8f   Thumb Code     0  startup_stm32f10x_hd.o(.text)
    DMA1_Channel4_IRQHandler                 0x08008d8f   Thumb Code     0  startup_stm32f10x_hd.o(.text)
    DMA1_Channel5_IRQHandler                 0x08008d8f   Thumb Code     0  startup_stm32f10x_hd.o(.text)
    DMA1_Channel6_IRQHandler                 0x08008d8f   Thumb Code     0  startup_stm32f10x_hd.o(.text)
    DMA1_Channel7_IRQHandler                 0x08008d8f   Thumb Code     0  startup_stm32f10x_hd.o(.text)
    DMA2_Channel1_IRQHandler                 0x08008d8f   Thumb Code     0  startup_stm32f10x_hd.o(.text)
    DMA2_Channel2_IRQHandler                 0x08008d8f   Thumb Code     0  startup_stm32f10x_hd.o(.text)
    DMA2_Channel3_IRQHandler                 0x08008d8f   Thumb Code     0  startup_stm32f10x_hd.o(.text)
    DMA2_Channel4_5_IRQHandler               0x08008d8f   Thumb Code     0  startup_stm32f10x_hd.o(.text)
    EXTI1_IRQHandler                         0x08008d8f   Thumb Code     0  startup_stm32f10x_hd.o(.text)
    EXTI2_IRQHandler                         0x08008d8f   Thumb Code     0  startup_stm32f10x_hd.o(.text)
    EXTI3_IRQHandler                         0x08008d8f   Thumb Code     0  startup_stm32f10x_hd.o(.text)
    EXTI4_IRQHandler                         0x08008d8f   Thumb Code     0  startup_stm32f10x_hd.o(.text)
    FLASH_IRQHandler                         0x08008d8f   Thumb Code     0  startup_stm32f10x_hd.o(.text)
    FSMC_IRQHandler                          0x08008d8f   Thumb Code     0  startup_stm32f10x_hd.o(.text)
    I2C1_ER_IRQHandler                       0x08008d8f   Thumb Code     0  startup_stm32f10x_hd.o(.text)
    I2C1_EV_IRQHandler                       0x08008d8f   Thumb Code     0  startup_stm32f10x_hd.o(.text)
    I2C2_ER_IRQHandler                       0x08008d8f   Thumb Code     0  startup_stm32f10x_hd.o(.text)
    I2C2_EV_IRQHandler                       0x08008d8f   Thumb Code     0  startup_stm32f10x_hd.o(.text)
    PVD_IRQHandler                           0x08008d8f   Thumb Code     0  startup_stm32f10x_hd.o(.text)
    RCC_IRQHandler                           0x08008d8f   Thumb Code     0  startup_stm32f10x_hd.o(.text)
    RTCAlarm_IRQHandler                      0x08008d8f   Thumb Code     0  startup_stm32f10x_hd.o(.text)
    RTC_IRQHandler                           0x08008d8f   Thumb Code     0  startup_stm32f10x_hd.o(.text)
    SDIO_IRQHandler                          0x08008d8f   Thumb Code     0  startup_stm32f10x_hd.o(.text)
    SPI1_IRQHandler                          0x08008d8f   Thumb Code     0  startup_stm32f10x_hd.o(.text)
    SPI2_IRQHandler                          0x08008d8f   Thumb Code     0  startup_stm32f10x_hd.o(.text)
    SPI3_IRQHandler                          0x08008d8f   Thumb Code     0  startup_stm32f10x_hd.o(.text)
    TAMPER_IRQHandler                        0x08008d8f   Thumb Code     0  startup_stm32f10x_hd.o(.text)
    TIM1_BRK_IRQHandler                      0x08008d8f   Thumb Code     0  startup_stm32f10x_hd.o(.text)
    TIM1_CC_IRQHandler                       0x08008d8f   Thumb Code     0  startup_stm32f10x_hd.o(.text)
    TIM1_TRG_COM_IRQHandler                  0x08008d8f   Thumb Code     0  startup_stm32f10x_hd.o(.text)
    TIM1_UP_IRQHandler                       0x08008d8f   Thumb Code     0  startup_stm32f10x_hd.o(.text)
    TIM2_IRQHandler                          0x08008d8f   Thumb Code     0  startup_stm32f10x_hd.o(.text)
    TIM4_IRQHandler                          0x08008d8f   Thumb Code     0  startup_stm32f10x_hd.o(.text)
    TIM5_IRQHandler                          0x08008d8f   Thumb Code     0  startup_stm32f10x_hd.o(.text)
    TIM6_IRQHandler                          0x08008d8f   Thumb Code     0  startup_stm32f10x_hd.o(.text)
    TIM7_IRQHandler                          0x08008d8f   Thumb Code     0  startup_stm32f10x_hd.o(.text)
    TIM8_BRK_IRQHandler                      0x08008d8f   Thumb Code     0  startup_stm32f10x_hd.o(.text)
    TIM8_CC_IRQHandler                       0x08008d8f   Thumb Code     0  startup_stm32f10x_hd.o(.text)
    TIM8_TRG_COM_IRQHandler                  0x08008d8f   Thumb Code     0  startup_stm32f10x_hd.o(.text)
    TIM8_UP_IRQHandler                       0x08008d8f   Thumb Code     0  startup_stm32f10x_hd.o(.text)
    UART4_IRQHandler                         0x08008d8f   Thumb Code     0  startup_stm32f10x_hd.o(.text)
    UART5_IRQHandler                         0x08008d8f   Thumb Code     0  startup_stm32f10x_hd.o(.text)
    USART2_IRQHandler                        0x08008d8f   Thumb Code     0  startup_stm32f10x_hd.o(.text)
    USART3_IRQHandler                        0x08008d8f   Thumb Code     0  startup_stm32f10x_hd.o(.text)
    USBWakeUp_IRQHandler                     0x08008d8f   Thumb Code     0  startup_stm32f10x_hd.o(.text)
    USB_HP_CAN1_TX_IRQHandler                0x08008d8f   Thumb Code     0  startup_stm32f10x_hd.o(.text)
    USB_LP_CAN1_RX0_IRQHandler               0x08008d8f   Thumb Code     0  startup_stm32f10x_hd.o(.text)
    WWDG_IRQHandler                          0x08008d8f   Thumb Code     0  startup_stm32f10x_hd.o(.text)
    __user_initial_stackheap                 0x08008d91   Thumb Code     0  startup_stm32f10x_hd.o(.text)
    GPIO_DeInit                              0x08008db5   Thumb Code   172  stm32f10x_gpio.o(.text)
    GPIO_AFIODeInit                          0x08008e61   Thumb Code    20  stm32f10x_gpio.o(.text)
    GPIO_Init                                0x08008e75   Thumb Code   278  stm32f10x_gpio.o(.text)
    GPIO_StructInit                          0x08008f8b   Thumb Code    16  stm32f10x_gpio.o(.text)
    GPIO_ReadInputDataBit                    0x08008f9b   Thumb Code    18  stm32f10x_gpio.o(.text)
    GPIO_ReadInputData                       0x08008fad   Thumb Code     8  stm32f10x_gpio.o(.text)
    GPIO_ReadOutputDataBit                   0x08008fb5   Thumb Code    18  stm32f10x_gpio.o(.text)
    GPIO_ReadOutputData                      0x08008fc7   Thumb Code     8  stm32f10x_gpio.o(.text)
    GPIO_SetBits                             0x08008fcf   Thumb Code     4  stm32f10x_gpio.o(.text)
    GPIO_ResetBits                           0x08008fd3   Thumb Code     4  stm32f10x_gpio.o(.text)
    GPIO_WriteBit                            0x08008fd7   Thumb Code    10  stm32f10x_gpio.o(.text)
    GPIO_Write                               0x08008fe1   Thumb Code     4  stm32f10x_gpio.o(.text)
    GPIO_PinLockConfig                       0x08008fe5   Thumb Code    18  stm32f10x_gpio.o(.text)
    GPIO_EventOutputConfig                   0x08008ff7   Thumb Code    26  stm32f10x_gpio.o(.text)
    GPIO_EventOutputCmd                      0x08009011   Thumb Code     6  stm32f10x_gpio.o(.text)
    GPIO_PinRemapConfig                      0x08009017   Thumb Code   138  stm32f10x_gpio.o(.text)
    GPIO_EXTILineConfig                      0x080090a1   Thumb Code    66  stm32f10x_gpio.o(.text)
    GPIO_ETH_MediaInterfaceConfig            0x080090e3   Thumb Code     8  stm32f10x_gpio.o(.text)
    RCC_DeInit                               0x08009111   Thumb Code    64  stm32f10x_rcc.o(.text)
    RCC_HSEConfig                            0x08009151   Thumb Code    70  stm32f10x_rcc.o(.text)
    RCC_GetFlagStatus                        0x08009197   Thumb Code    56  stm32f10x_rcc.o(.text)
    RCC_WaitForHSEStartUp                    0x080091cf   Thumb Code    56  stm32f10x_rcc.o(.text)
    RCC_AdjustHSICalibrationValue            0x08009207   Thumb Code    20  stm32f10x_rcc.o(.text)
    RCC_HSICmd                               0x0800921b   Thumb Code     6  stm32f10x_rcc.o(.text)
    RCC_PLLConfig                            0x08009221   Thumb Code    24  stm32f10x_rcc.o(.text)
    RCC_PLLCmd                               0x08009239   Thumb Code     6  stm32f10x_rcc.o(.text)
    RCC_SYSCLKConfig                         0x0800923f   Thumb Code    18  stm32f10x_rcc.o(.text)
    RCC_GetSYSCLKSource                      0x08009251   Thumb Code    10  stm32f10x_rcc.o(.text)
    RCC_HCLKConfig                           0x0800925b   Thumb Code    18  stm32f10x_rcc.o(.text)
    RCC_PCLK1Config                          0x0800926d   Thumb Code    18  stm32f10x_rcc.o(.text)
    RCC_PCLK2Config                          0x0800927f   Thumb Code    20  stm32f10x_rcc.o(.text)
    RCC_ITConfig                             0x08009293   Thumb Code    26  stm32f10x_rcc.o(.text)
    RCC_USBCLKConfig                         0x080092ad   Thumb Code     8  stm32f10x_rcc.o(.text)
    RCC_ADCCLKConfig                         0x080092b5   Thumb Code    18  stm32f10x_rcc.o(.text)
    RCC_LSEConfig                            0x080092c7   Thumb Code    50  stm32f10x_rcc.o(.text)
    RCC_LSICmd                               0x080092f9   Thumb Code     6  stm32f10x_rcc.o(.text)
    RCC_RTCCLKConfig                         0x080092ff   Thumb Code    12  stm32f10x_rcc.o(.text)
    RCC_RTCCLKCmd                            0x0800930b   Thumb Code     8  stm32f10x_rcc.o(.text)
    RCC_GetClocksFreq                        0x08009313   Thumb Code   192  stm32f10x_rcc.o(.text)
    RCC_AHBPeriphClockCmd                    0x080093d3   Thumb Code    26  stm32f10x_rcc.o(.text)
    RCC_APB2PeriphClockCmd                   0x080093ed   Thumb Code    26  stm32f10x_rcc.o(.text)
    RCC_APB1PeriphClockCmd                   0x08009407   Thumb Code    26  stm32f10x_rcc.o(.text)
    RCC_APB2PeriphResetCmd                   0x08009421   Thumb Code    26  stm32f10x_rcc.o(.text)
    RCC_APB1PeriphResetCmd                   0x0800943b   Thumb Code    26  stm32f10x_rcc.o(.text)
    RCC_BackupResetCmd                       0x08009455   Thumb Code     8  stm32f10x_rcc.o(.text)
    RCC_ClockSecuritySystemCmd               0x0800945d   Thumb Code     6  stm32f10x_rcc.o(.text)
    RCC_MCOConfig                            0x08009463   Thumb Code     6  stm32f10x_rcc.o(.text)
    RCC_ClearFlag                            0x08009469   Thumb Code    14  stm32f10x_rcc.o(.text)
    RCC_GetITStatus                          0x08009477   Thumb Code    20  stm32f10x_rcc.o(.text)
    RCC_ClearITPendingBit                    0x0800948b   Thumb Code     6  stm32f10x_rcc.o(.text)
    USART_DeInit                             0x080094b5   Thumb Code   134  stm32f10x_usart.o(.text)
    USART_Init                               0x0800953b   Thumb Code   210  stm32f10x_usart.o(.text)
    USART_StructInit                         0x0800960d   Thumb Code    24  stm32f10x_usart.o(.text)
    USART_ClockInit                          0x08009625   Thumb Code    34  stm32f10x_usart.o(.text)
    USART_ClockStructInit                    0x08009647   Thumb Code    12  stm32f10x_usart.o(.text)
    USART_Cmd                                0x08009653   Thumb Code    24  stm32f10x_usart.o(.text)
    USART_ITConfig                           0x0800966b   Thumb Code    74  stm32f10x_usart.o(.text)
    USART_DMACmd                             0x080096b5   Thumb Code    18  stm32f10x_usart.o(.text)
    USART_SetAddress                         0x080096c7   Thumb Code    18  stm32f10x_usart.o(.text)
    USART_WakeUpConfig                       0x080096d9   Thumb Code    18  stm32f10x_usart.o(.text)
    USART_ReceiverWakeUpCmd                  0x080096eb   Thumb Code    24  stm32f10x_usart.o(.text)
    USART_LINBreakDetectLengthConfig         0x08009703   Thumb Code    18  stm32f10x_usart.o(.text)
    USART_LINCmd                             0x08009715   Thumb Code    24  stm32f10x_usart.o(.text)
    USART_SendData                           0x0800972d   Thumb Code     8  stm32f10x_usart.o(.text)
    USART_ReceiveData                        0x08009735   Thumb Code    10  stm32f10x_usart.o(.text)
    USART_SendBreak                          0x0800973f   Thumb Code    10  stm32f10x_usart.o(.text)
    USART_SetGuardTime                       0x08009749   Thumb Code    16  stm32f10x_usart.o(.text)
    USART_SetPrescaler                       0x08009759   Thumb Code    16  stm32f10x_usart.o(.text)
    USART_SmartCardCmd                       0x08009769   Thumb Code    24  stm32f10x_usart.o(.text)
    USART_SmartCardNACKCmd                   0x08009781   Thumb Code    24  stm32f10x_usart.o(.text)
    USART_HalfDuplexCmd                      0x08009799   Thumb Code    24  stm32f10x_usart.o(.text)
    USART_OverSampling8Cmd                   0x080097b1   Thumb Code    22  stm32f10x_usart.o(.text)
    USART_OneBitMethodCmd                    0x080097c7   Thumb Code    24  stm32f10x_usart.o(.text)
    USART_IrDAConfig                         0x080097df   Thumb Code    18  stm32f10x_usart.o(.text)
    USART_IrDACmd                            0x080097f1   Thumb Code    24  stm32f10x_usart.o(.text)
    USART_GetFlagStatus                      0x08009809   Thumb Code    26  stm32f10x_usart.o(.text)
    USART_ClearFlag                          0x08009823   Thumb Code    18  stm32f10x_usart.o(.text)
    USART_GetITStatus                        0x08009835   Thumb Code    84  stm32f10x_usart.o(.text)
    USART_ClearITPendingBit                  0x08009889   Thumb Code    52  stm32f10x_usart.o(.text)
    NVIC_PriorityGroupConfig                 0x080098bd   Thumb Code    10  misc.o(.text)
    NVIC_Init                                0x080098c7   Thumb Code   100  misc.o(.text)
    NVIC_SetVectorTable                      0x0800992b   Thumb Code    14  misc.o(.text)
    NVIC_SystemLPConfig                      0x08009939   Thumb Code    34  misc.o(.text)
    SysTick_CLKSourceConfig                  0x0800995b   Thumb Code    40  misc.o(.text)
    SPI_I2S_DeInit                           0x08009999   Thumb Code    76  stm32f10x_spi.o(.text)
    SPI_Init                                 0x080099e5   Thumb Code    60  stm32f10x_spi.o(.text)
    I2S_Init                                 0x08009a21   Thumb Code   226  stm32f10x_spi.o(.text)
    SPI_StructInit                           0x08009b03   Thumb Code    24  stm32f10x_spi.o(.text)
    I2S_StructInit                           0x08009b1b   Thumb Code    20  stm32f10x_spi.o(.text)
    SPI_Cmd                                  0x08009b2f   Thumb Code    24  stm32f10x_spi.o(.text)
    I2S_Cmd                                  0x08009b47   Thumb Code    24  stm32f10x_spi.o(.text)
    SPI_I2S_ITConfig                         0x08009b5f   Thumb Code    32  stm32f10x_spi.o(.text)
    SPI_I2S_DMACmd                           0x08009b7f   Thumb Code    18  stm32f10x_spi.o(.text)
    SPI_I2S_SendData                         0x08009b91   Thumb Code     4  stm32f10x_spi.o(.text)
    SPI_I2S_ReceiveData                      0x08009b95   Thumb Code     6  stm32f10x_spi.o(.text)
    SPI_NSSInternalSoftwareConfig            0x08009b9b   Thumb Code    30  stm32f10x_spi.o(.text)
    SPI_SSOutputCmd                          0x08009bb9   Thumb Code    24  stm32f10x_spi.o(.text)
    SPI_DataSizeConfig                       0x08009bd1   Thumb Code    18  stm32f10x_spi.o(.text)
    SPI_TransmitCRC                          0x08009be3   Thumb Code    10  stm32f10x_spi.o(.text)
    SPI_CalculateCRC                         0x08009bed   Thumb Code    24  stm32f10x_spi.o(.text)
    SPI_GetCRC                               0x08009c05   Thumb Code    16  stm32f10x_spi.o(.text)
    SPI_GetCRCPolynomial                     0x08009c15   Thumb Code     6  stm32f10x_spi.o(.text)
    SPI_BiDirectionalLineConfig              0x08009c1b   Thumb Code    28  stm32f10x_spi.o(.text)
    SPI_I2S_GetFlagStatus                    0x08009c37   Thumb Code    18  stm32f10x_spi.o(.text)
    SPI_I2S_ClearFlag                        0x08009c49   Thumb Code     6  stm32f10x_spi.o(.text)
    SPI_I2S_GetITStatus                      0x08009c4f   Thumb Code    52  stm32f10x_spi.o(.text)
    SPI_I2S_ClearITPendingBit                0x08009c83   Thumb Code    20  stm32f10x_spi.o(.text)
    EXTI_DeInit                              0x08009ca5   Thumb Code    28  stm32f10x_exti.o(.text)
    EXTI_Init                                0x08009cc1   Thumb Code   142  stm32f10x_exti.o(.text)
    EXTI_StructInit                          0x08009d4f   Thumb Code    16  stm32f10x_exti.o(.text)
    EXTI_GenerateSWInterrupt                 0x08009d5f   Thumb Code    16  stm32f10x_exti.o(.text)
    EXTI_GetFlagStatus                       0x08009d6f   Thumb Code    22  stm32f10x_exti.o(.text)
    EXTI_ClearFlag                           0x08009d85   Thumb Code     8  stm32f10x_exti.o(.text)
    EXTI_GetITStatus                         0x08009d8d   Thumb Code    34  stm32f10x_exti.o(.text)
    EXTI_ClearITPendingBit                   0x08009daf   Thumb Code     8  stm32f10x_exti.o(.text)
    TIM_DeInit                               0x08009dc1   Thumb Code   424  stm32f10x_tim.o(.text)
    TIM_TimeBaseInit                         0x08009f69   Thumb Code   122  stm32f10x_tim.o(.text)
    TIM_OC1Init                              0x08009fe3   Thumb Code   132  stm32f10x_tim.o(.text)
    TIM_OC2Init                              0x0800a067   Thumb Code   154  stm32f10x_tim.o(.text)
    TIM_OC3Init                              0x0800a101   Thumb Code   150  stm32f10x_tim.o(.text)
    TIM_OC4Init                              0x0800a197   Thumb Code   182  stm32f10x_tim.o(.text)
    TIM_SetIC4Prescaler                      0x0800a24d   Thumb Code    26  stm32f10x_tim.o(.text)
    TIM_SetIC3Prescaler                      0x0800a2e9   Thumb Code    18  stm32f10x_tim.o(.text)
    TIM_SetIC2Prescaler                      0x0800a375   Thumb Code    26  stm32f10x_tim.o(.text)
    TIM_SetIC1Prescaler                      0x0800a411   Thumb Code    18  stm32f10x_tim.o(.text)
    TIM_ICInit                               0x0800a48f   Thumb Code   150  stm32f10x_tim.o(.text)
    TIM_PWMIConfig                           0x0800a525   Thumb Code   124  stm32f10x_tim.o(.text)
    TIM_BDTRConfig                           0x0800a5a1   Thumb Code    32  stm32f10x_tim.o(.text)
    TIM_TimeBaseStructInit                   0x0800a5c1   Thumb Code    18  stm32f10x_tim.o(.text)
    TIM_OCStructInit                         0x0800a5d3   Thumb Code    20  stm32f10x_tim.o(.text)
    TIM_ICStructInit                         0x0800a5e7   Thumb Code    18  stm32f10x_tim.o(.text)
    TIM_BDTRStructInit                       0x0800a5f9   Thumb Code    40  stm32f10x_tim.o(.text)
    TIM_Cmd                                  0x0800a621   Thumb Code    24  stm32f10x_tim.o(.text)
    TIM_CtrlPWMOutputs                       0x0800a639   Thumb Code    30  stm32f10x_tim.o(.text)
    TIM_ITConfig                             0x0800a657   Thumb Code    18  stm32f10x_tim.o(.text)
    TIM_GenerateEvent                        0x0800a669   Thumb Code     4  stm32f10x_tim.o(.text)
    TIM_DMAConfig                            0x0800a66d   Thumb Code    10  stm32f10x_tim.o(.text)
    TIM_DMACmd                               0x0800a677   Thumb Code    18  stm32f10x_tim.o(.text)
    TIM_InternalClockConfig                  0x0800a689   Thumb Code    12  stm32f10x_tim.o(.text)
    TIM_SelectInputTrigger                   0x0800a695   Thumb Code    18  stm32f10x_tim.o(.text)
    TIM_ITRxExternalClockConfig              0x0800a6a7   Thumb Code    24  stm32f10x_tim.o(.text)
    TIM_TIxExternalClockConfig               0x0800a6bf   Thumb Code    62  stm32f10x_tim.o(.text)
    TIM_ETRConfig                            0x0800a6fd   Thumb Code    28  stm32f10x_tim.o(.text)
    TIM_ETRClockMode1Config                  0x0800a719   Thumb Code    54  stm32f10x_tim.o(.text)
    TIM_ETRClockMode2Config                  0x0800a74f   Thumb Code    32  stm32f10x_tim.o(.text)
    TIM_PrescalerConfig                      0x0800a76f   Thumb Code     6  stm32f10x_tim.o(.text)
    TIM_CounterModeConfig                    0x0800a775   Thumb Code    18  stm32f10x_tim.o(.text)
    TIM_EncoderInterfaceConfig               0x0800a787   Thumb Code    66  stm32f10x_tim.o(.text)
    TIM_ForcedOC1Config                      0x0800a7c9   Thumb Code    18  stm32f10x_tim.o(.text)
    TIM_ForcedOC2Config                      0x0800a7db   Thumb Code    26  stm32f10x_tim.o(.text)
    TIM_ForcedOC3Config                      0x0800a7f5   Thumb Code    18  stm32f10x_tim.o(.text)
    TIM_ForcedOC4Config                      0x0800a807   Thumb Code    26  stm32f10x_tim.o(.text)
    TIM_ARRPreloadConfig                     0x0800a821   Thumb Code    24  stm32f10x_tim.o(.text)
    TIM_SelectCOM                            0x0800a839   Thumb Code    24  stm32f10x_tim.o(.text)
    TIM_SelectCCDMA                          0x0800a851   Thumb Code    24  stm32f10x_tim.o(.text)
    TIM_CCPreloadControl                     0x0800a869   Thumb Code    24  stm32f10x_tim.o(.text)
    TIM_OC1PreloadConfig                     0x0800a881   Thumb Code    18  stm32f10x_tim.o(.text)
    TIM_OC2PreloadConfig                     0x0800a893   Thumb Code    26  stm32f10x_tim.o(.text)
    TIM_OC3PreloadConfig                     0x0800a8ad   Thumb Code    18  stm32f10x_tim.o(.text)
    TIM_OC4PreloadConfig                     0x0800a8bf   Thumb Code    26  stm32f10x_tim.o(.text)
    TIM_OC1FastConfig                        0x0800a8d9   Thumb Code    18  stm32f10x_tim.o(.text)
    TIM_OC2FastConfig                        0x0800a8eb   Thumb Code    26  stm32f10x_tim.o(.text)
    TIM_OC3FastConfig                        0x0800a905   Thumb Code    18  stm32f10x_tim.o(.text)
    TIM_OC4FastConfig                        0x0800a917   Thumb Code    26  stm32f10x_tim.o(.text)
    TIM_ClearOC1Ref                          0x0800a931   Thumb Code    18  stm32f10x_tim.o(.text)
    TIM_ClearOC2Ref                          0x0800a943   Thumb Code    24  stm32f10x_tim.o(.text)
    TIM_ClearOC3Ref                          0x0800a95b   Thumb Code    18  stm32f10x_tim.o(.text)
    TIM_ClearOC4Ref                          0x0800a96d   Thumb Code    24  stm32f10x_tim.o(.text)
    TIM_OC1PolarityConfig                    0x0800a985   Thumb Code    18  stm32f10x_tim.o(.text)
    TIM_OC1NPolarityConfig                   0x0800a997   Thumb Code    18  stm32f10x_tim.o(.text)
    TIM_OC2PolarityConfig                    0x0800a9a9   Thumb Code    26  stm32f10x_tim.o(.text)
    TIM_OC2NPolarityConfig                   0x0800a9c3   Thumb Code    26  stm32f10x_tim.o(.text)
    TIM_OC3PolarityConfig                    0x0800a9dd   Thumb Code    26  stm32f10x_tim.o(.text)
    TIM_OC3NPolarityConfig                   0x0800a9f7   Thumb Code    26  stm32f10x_tim.o(.text)
    TIM_OC4PolarityConfig                    0x0800aa11   Thumb Code    26  stm32f10x_tim.o(.text)
    TIM_CCxCmd                               0x0800aa2b   Thumb Code    30  stm32f10x_tim.o(.text)
    TIM_CCxNCmd                              0x0800aa49   Thumb Code    30  stm32f10x_tim.o(.text)
    TIM_SelectOCxM                           0x0800aa67   Thumb Code    82  stm32f10x_tim.o(.text)
    TIM_UpdateDisableConfig                  0x0800aab9   Thumb Code    24  stm32f10x_tim.o(.text)
    TIM_UpdateRequestConfig                  0x0800aad1   Thumb Code    24  stm32f10x_tim.o(.text)
    TIM_SelectHallSensor                     0x0800aae9   Thumb Code    24  stm32f10x_tim.o(.text)
    TIM_SelectOnePulseMode                   0x0800ab01   Thumb Code    18  stm32f10x_tim.o(.text)
    TIM_SelectOutputTrigger                  0x0800ab13   Thumb Code    18  stm32f10x_tim.o(.text)
    TIM_SelectSlaveMode                      0x0800ab25   Thumb Code    18  stm32f10x_tim.o(.text)
    TIM_SelectMasterSlaveMode                0x0800ab37   Thumb Code    18  stm32f10x_tim.o(.text)
    TIM_SetCounter                           0x0800ab49   Thumb Code     4  stm32f10x_tim.o(.text)
    TIM_SetAutoreload                        0x0800ab4d   Thumb Code     4  stm32f10x_tim.o(.text)
    TIM_SetCompare1                          0x0800ab51   Thumb Code     4  stm32f10x_tim.o(.text)
    TIM_SetCompare2                          0x0800ab55   Thumb Code     4  stm32f10x_tim.o(.text)
    TIM_SetCompare3                          0x0800ab59   Thumb Code     4  stm32f10x_tim.o(.text)
    TIM_SetCompare4                          0x0800ab5d   Thumb Code     6  stm32f10x_tim.o(.text)
    TIM_SetClockDivision                     0x0800ab63   Thumb Code    18  stm32f10x_tim.o(.text)
    TIM_GetCapture1                          0x0800ab75   Thumb Code     6  stm32f10x_tim.o(.text)
    TIM_GetCapture2                          0x0800ab7b   Thumb Code     6  stm32f10x_tim.o(.text)
    TIM_GetCapture3                          0x0800ab81   Thumb Code     6  stm32f10x_tim.o(.text)
    TIM_GetCapture4                          0x0800ab87   Thumb Code     8  stm32f10x_tim.o(.text)
    TIM_GetCounter                           0x0800ab8f   Thumb Code     6  stm32f10x_tim.o(.text)
    TIM_GetPrescaler                         0x0800ab95   Thumb Code     6  stm32f10x_tim.o(.text)
    TIM_GetFlagStatus                        0x0800ab9b   Thumb Code    18  stm32f10x_tim.o(.text)
    TIM_ClearFlag                            0x0800abad   Thumb Code     6  stm32f10x_tim.o(.text)
    TIM_GetITStatus                          0x0800abb3   Thumb Code    34  stm32f10x_tim.o(.text)
    TIM_ClearITPendingBit                    0x0800abd5   Thumb Code     6  stm32f10x_tim.o(.text)
    __use_no_semihosting                     0x0800abdb   Thumb Code     2  use_no_semi_2.o(.text)
    __2printf                                0x0800abdd   Thumb Code    20  noretval__2printf.o(.text)
    __printf                                 0x0800abf5   Thumb Code   104  __printf.o(.text)
    _printf_str                              0x0800ac5d   Thumb Code    82  _printf_str.o(.text)
    _printf_int_dec                          0x0800acb1   Thumb Code   104  _printf_dec.o(.text)
    _printf_int_hex                          0x0800ad29   Thumb Code    84  _printf_hex_int.o(.text)
    _printf_longlong_hex                     0x0800ad29   Thumb Code     0  _printf_hex_int.o(.text)
    strcmp                                   0x0800ad81   Thumb Code   128  strcmpv7m.o(.text)
    __use_two_region_memory                  0x0800ae01   Thumb Code     2  heapauxi.o(.text)
    __rt_heap_escrow$2region                 0x0800ae03   Thumb Code     2  heapauxi.o(.text)
    __rt_heap_expand$2region                 0x0800ae05   Thumb Code     2  heapauxi.o(.text)
    __I$use$semihosting                      0x0800ae07   Thumb Code     0  use_no_semi.o(.text)
    __use_no_semihosting_swi                 0x0800ae07   Thumb Code     2  use_no_semi.o(.text)
    __read_errno                             0x0800ae09   Thumb Code    10  _rserrno.o(.text)
    __set_errno                              0x0800ae13   Thumb Code    12  _rserrno.o(.text)
    _printf_int_common                       0x0800ae1f   Thumb Code   178  _printf_intcommon.o(.text)
    _printf_cs_common                        0x0800aed1   Thumb Code    20  _printf_char.o(.text)
    _printf_char                             0x0800aee5   Thumb Code    16  _printf_char.o(.text)
    _printf_string                           0x0800aef5   Thumb Code     8  _printf_char.o(.text)
    _printf_char_file                        0x0800aefd   Thumb Code    32  _printf_char_file.o(.text)
    __aeabi_errno_addr                       0x0800af21   Thumb Code     8  rt_errno_addr_intlibspace.o(.text)
    __errno$intlibspace                      0x0800af21   Thumb Code     0  rt_errno_addr_intlibspace.o(.text)
    __rt_errno_addr$intlibspace              0x0800af21   Thumb Code     0  rt_errno_addr_intlibspace.o(.text)
    _printf_char_common                      0x0800af33   Thumb Code    32  _printf_char_common.o(.text)
    ferror                                   0x0800af59   Thumb Code     8  ferror.o(.text)
    __user_libspace                          0x0800af61   Thumb Code     8  libspace.o(.text)
    __user_perproc_libspace                  0x0800af61   Thumb Code     0  libspace.o(.text)
    __user_perthread_libspace                0x0800af61   Thumb Code     0  libspace.o(.text)
    __user_setup_stackheap                   0x0800af69   Thumb Code    74  sys_stackheap_outer.o(.text)
    exit                                     0x0800afb3   Thumb Code    18  exit.o(.text)
    sqrt                                     0x0800afc5   Thumb Code    76  sqrt.o(i.sqrt)
    __aeabi_dadd                             0x0800b011   Thumb Code     0  daddsub_clz.o(x$fpl$dadd)
    _dadd                                    0x0800b011   Thumb Code   332  daddsub_clz.o(x$fpl$dadd)
    __fpl_dcmp_Inf                           0x0800b161   Thumb Code    24  dcmpi.o(x$fpl$dcmpinf)
    __aeabi_d2uiz                            0x0800b179   Thumb Code     0  dfixu.o(x$fpl$dfixu)
    _dfixu                                   0x0800b179   Thumb Code    90  dfixu.o(x$fpl$dfixu)
    __aeabi_i2d                              0x0800b1d3   Thumb Code     0  dflt_clz.o(x$fpl$dflt)
    _dflt                                    0x0800b1d3   Thumb Code    46  dflt_clz.o(x$fpl$dflt)
    __aeabi_ui2d                             0x0800b201   Thumb Code     0  dflt_clz.o(x$fpl$dfltu)
    _dfltu                                   0x0800b201   Thumb Code    38  dflt_clz.o(x$fpl$dfltu)
    __aeabi_cdcmple                          0x0800b229   Thumb Code     0  dleqf.o(x$fpl$dleqf)
    _dcmple                                  0x0800b229   Thumb Code   120  dleqf.o(x$fpl$dleqf)
    __fpl_dcmple_InfNaN                      0x0800b28b   Thumb Code     0  dleqf.o(x$fpl$dleqf)
    __aeabi_dmul                             0x0800b2a1   Thumb Code     0  dmul.o(x$fpl$dmul)
    _dmul                                    0x0800b2a1   Thumb Code   332  dmul.o(x$fpl$dmul)
    __fpl_dnaninf                            0x0800b3f5   Thumb Code   156  dnaninf.o(x$fpl$dnaninf)
    __fpl_dretinf                            0x0800b491   Thumb Code    12  dretinf.o(x$fpl$dretinf)
    __aeabi_cdrcmple                         0x0800b49d   Thumb Code     0  drleqf.o(x$fpl$drleqf)
    _drcmple                                 0x0800b49d   Thumb Code   108  drleqf.o(x$fpl$drleqf)
    __aeabi_drsub                            0x0800b509   Thumb Code     0  daddsub_clz.o(x$fpl$drsb)
    _drsb                                    0x0800b509   Thumb Code    22  daddsub_clz.o(x$fpl$drsb)
    _dsqrt                                   0x0800b521   Thumb Code   456  dsqrt_noumaal.o(x$fpl$dsqrt)
    __aeabi_dsub                             0x0800b6ed   Thumb Code     0  daddsub_clz.o(x$fpl$dsub)
    _dsub                                    0x0800b6ed   Thumb Code   464  daddsub_clz.o(x$fpl$dsub)
    __aeabi_f2d                              0x0800b8c1   Thumb Code     0  f2d.o(x$fpl$f2d)
    _f2d                                     0x0800b8c1   Thumb Code    86  f2d.o(x$fpl$f2d)
    __aeabi_fadd                             0x0800b919   Thumb Code     0  faddsub_clz.o(x$fpl$fadd)
    _fadd                                    0x0800b919   Thumb Code   196  faddsub_clz.o(x$fpl$fadd)
    __aeabi_fdiv                             0x0800b9dd   Thumb Code     0  fdiv.o(x$fpl$fdiv)
    _fdiv                                    0x0800b9dd   Thumb Code   384  fdiv.o(x$fpl$fdiv)
    __aeabi_f2iz                             0x0800bb61   Thumb Code     0  ffix.o(x$fpl$ffix)
    _ffix                                    0x0800bb61   Thumb Code    54  ffix.o(x$fpl$ffix)
    __aeabi_f2uiz                            0x0800bb99   Thumb Code     0  ffixu.o(x$fpl$ffixu)
    _ffixu                                   0x0800bb99   Thumb Code    62  ffixu.o(x$fpl$ffixu)
    __aeabi_i2f                              0x0800bbd9   Thumb Code     0  fflt_clz.o(x$fpl$fflt)
    _fflt                                    0x0800bbd9   Thumb Code    48  fflt_clz.o(x$fpl$fflt)
    __aeabi_ui2f                             0x0800bc09   Thumb Code     0  fflt_clz.o(x$fpl$ffltu)
    _ffltu                                   0x0800bc09   Thumb Code    38  fflt_clz.o(x$fpl$ffltu)
    __aeabi_fmul                             0x0800bc31   Thumb Code     0  fmul.o(x$fpl$fmul)
    _fmul                                    0x0800bc31   Thumb Code   258  fmul.o(x$fpl$fmul)
    __fpl_fnaninf                            0x0800bd33   Thumb Code   140  fnaninf.o(x$fpl$fnaninf)
    __fpl_fretinf                            0x0800bdbf   Thumb Code    10  fretinf.o(x$fpl$fretinf)
    __aeabi_fsub                             0x0800bdc9   Thumb Code     0  faddsub_clz.o(x$fpl$fsub)
    _fsub                                    0x0800bdc9   Thumb Code   234  faddsub_clz.o(x$fpl$fsub)
    __I$use$fp                               0x0800beb2   Number         0  usenofp.o(x$fpl$usenofp)
    asc2_1206                                0x0800beb2   Data        1140  lcd.o(.constdata)
    asc2_1608                                0x0800c326   Data        1520  lcd.o(.constdata)
    asc2_2412                                0x0800c916   Data        3420  lcd.o(.constdata)
    TX_ADDRESS                               0x0800d672   Data           5  24l01.o(.constdata)
    RX_ADDRESS                               0x0800d677   Data           5  24l01.o(.constdata)
    FT5206_TPX_TBL                           0x0800d67c   Data          10  ft5206.o(.constdata)
    GT9147_CFG_TBL                           0x0800d686   Data         184  gt9147.o(.constdata)
    GT9147_TPX_TBL                           0x0800d73e   Data          10  gt9147.o(.constdata)
    OTT_TPX_TBL                              0x0800d748   Data          10  ott2001a.o(.constdata)
    TP_ADJDIS_TBL                            0x0800d752   Data          12  touch.o(.constdata)
    Region$$Table$$Base                      0x0800d804   Number         0  anon$$obj.o(Region$$Table)
    Region$$Table$$Limit                     0x0800d824   Number         0  anon$$obj.o(Region$$Table)
    host_press                               0x20000000   Data           4  main.o(.data)
    page                                     0x20000004   Data           4  main.o(.data)
    isRight                                  0x20000008   Data           4  main.o(.data)
    num                                      0x2000000c   Data           1  main.o(.data)
    Tx_buf                                   0x2000000d   Data           2  main.o(.data)
    isAns                                    0x20000010   Data           4  main.o(.data)
    qus                                      0x20000014   Data          18  main.o(.data)
    SystemCoreClock                          0x20000028   Data           4  system_stm32f10x.o(.data)
    AHBPrescTable                            0x2000002c   Data          16  system_stm32f10x.o(.data)
    POINT_COLOR                              0x2000003c   Data           2  lcd.o(.data)
    BACK_COLOR                               0x2000003e   Data           2  lcd.o(.data)
    tp_dev                                   0x20000044   Data          52  touch.o(.data)
    CMD_RDX                                  0x20000078   Data           1  touch.o(.data)
    CMD_RDY                                  0x20000079   Data           1  touch.o(.data)
    TP_REMIND_MSG_TBL                        0x2000007c   Data           4  touch.o(.data)
    time                                     0x20000080   Data           4  timer.o(.data)
    code_GB_16                               0x20000084   Data         680  chinese.o(.data)
    code_GB_12                               0x2000032c   Data          78  chinese.o(.data)
    code_GB_24                               0x2000037a   Data         370  chinese.o(.data)
    __stdout                                 0x200004f0   Data           4  usart.o(.data)
    USART_RX_STA                             0x200004f4   Data           2  usart.o(.data)
    score                                    0x2000050c   Data          32  main.o(.bss)
    Rx_buf                                   0x2000052c   Data          32  main.o(.bss)
    lcddev                                   0x2000054c   Data          14  lcd.o(.bss)
    SPI_InitStructure                        0x2000055a   Data          18  spi.o(.bss)
    USART_RX_BUF                             0x2000056c   Data         200  usart.o(.bss)
    __libspace_start                         0x20000634   Data          96  libspace.o(.bss)
    __temporary_stack_top$libspace           0x20000694   Data           0  libspace.o(.bss)



==============================================================================

Memory Map of the image

  Image Entry point : 0x08000131

  Load Region LR_IROM1 (Base: 0x08000000, Size: 0x0000dd30, Max: 0x00040000, ABSOLUTE, COMPRESSED[0x0000dbe4])

    Execution Region ER_IROM1 (Exec base: 0x08000000, Load base: 0x08000000, Size: 0x0000d824, Max: 0x00040000, ABSOLUTE)

    Exec Addr    Load Addr    Size         Type   Attr      Idx    E Section Name        Object

    0x08000000   0x08000000   0x00000130   Data   RO          518    RESET               startup_stm32f10x_hd.o
    0x08000130   0x08000130   0x00000008   Code   RO          672  * !!!main             c_w.l(__main.o)
    0x08000138   0x08000138   0x00000034   Code   RO          922    !!!scatter          c_w.l(__scatter.o)
    0x0800016c   0x0800016c   0x0000005a   Code   RO          920    !!dczerorl2         c_w.l(__dczerorl2.o)
    0x080001c6   0x080001c6   0x00000002   PAD
    0x080001c8   0x080001c8   0x0000001c   Code   RO          924    !!handler_zi        c_w.l(__scatter_zi.o)
    0x080001e4   0x080001e4   0x00000000   Code   RO          667    .ARM.Collect$$_printf_percent$$00000000  c_w.l(_printf_percent.o)
    0x080001e4   0x080001e4   0x00000006   Code   RO          666    .ARM.Collect$$_printf_percent$$00000009  c_w.l(_printf_d.o)
    0x080001ea   0x080001ea   0x00000006   Code   RO          665    .ARM.Collect$$_printf_percent$$0000000C  c_w.l(_printf_x.o)
    0x080001f0   0x080001f0   0x00000006   Code   RO          664    .ARM.Collect$$_printf_percent$$00000014  c_w.l(_printf_s.o)
    0x080001f6   0x080001f6   0x00000004   Code   RO          743    .ARM.Collect$$_printf_percent$$00000017  c_w.l(_printf_percent_end.o)
    0x080001fa   0x080001fa   0x00000002   Code   RO          797    .ARM.Collect$$libinit$$00000000  c_w.l(libinit.o)
    0x080001fc   0x080001fc   0x00000000   Code   RO          801    .ARM.Collect$$libinit$$00000002  c_w.l(libinit2.o)
    0x080001fc   0x080001fc   0x00000000   Code   RO          803    .ARM.Collect$$libinit$$00000004  c_w.l(libinit2.o)
    0x080001fc   0x080001fc   0x00000000   Code   RO          806    .ARM.Collect$$libinit$$0000000A  c_w.l(libinit2.o)
    0x080001fc   0x080001fc   0x00000000   Code   RO          808    .ARM.Collect$$libinit$$0000000C  c_w.l(libinit2.o)
    0x080001fc   0x080001fc   0x00000000   Code   RO          810    .ARM.Collect$$libinit$$0000000E  c_w.l(libinit2.o)
    0x080001fc   0x080001fc   0x00000000   Code   RO          813    .ARM.Collect$$libinit$$00000011  c_w.l(libinit2.o)
    0x080001fc   0x080001fc   0x00000000   Code   RO          815    .ARM.Collect$$libinit$$00000013  c_w.l(libinit2.o)
    0x080001fc   0x080001fc   0x00000000   Code   RO          817    .ARM.Collect$$libinit$$00000015  c_w.l(libinit2.o)
    0x080001fc   0x080001fc   0x00000000   Code   RO          819    .ARM.Collect$$libinit$$00000017  c_w.l(libinit2.o)
    0x080001fc   0x080001fc   0x00000000   Code   RO          821    .ARM.Collect$$libinit$$00000019  c_w.l(libinit2.o)
    0x080001fc   0x080001fc   0x00000000   Code   RO          823    .ARM.Collect$$libinit$$0000001B  c_w.l(libinit2.o)
    0x080001fc   0x080001fc   0x00000000   Code   RO          825    .ARM.Collect$$libinit$$0000001D  c_w.l(libinit2.o)
    0x080001fc   0x080001fc   0x00000000   Code   RO          827    .ARM.Collect$$libinit$$0000001F  c_w.l(libinit2.o)
    0x080001fc   0x080001fc   0x00000000   Code   RO          829    .ARM.Collect$$libinit$$00000021  c_w.l(libinit2.o)
    0x080001fc   0x080001fc   0x00000000   Code   RO          831    .ARM.Collect$$libinit$$00000023  c_w.l(libinit2.o)
    0x080001fc   0x080001fc   0x00000000   Code   RO          833    .ARM.Collect$$libinit$$00000025  c_w.l(libinit2.o)
    0x080001fc   0x080001fc   0x00000000   Code   RO          837    .ARM.Collect$$libinit$$0000002C  c_w.l(libinit2.o)
    0x080001fc   0x080001fc   0x00000000   Code   RO          839    .ARM.Collect$$libinit$$0000002E  c_w.l(libinit2.o)
    0x080001fc   0x080001fc   0x00000000   Code   RO          841    .ARM.Collect$$libinit$$00000030  c_w.l(libinit2.o)
    0x080001fc   0x080001fc   0x00000000   Code   RO          843    .ARM.Collect$$libinit$$00000032  c_w.l(libinit2.o)
    0x080001fc   0x080001fc   0x00000002   Code   RO          844    .ARM.Collect$$libinit$$00000033  c_w.l(libinit2.o)
    0x080001fe   0x080001fe   0x00000002   Code   RO          862    .ARM.Collect$$libshutdown$$00000000  c_w.l(libshutdown.o)
    0x08000200   0x08000200   0x00000000   Code   RO          872    .ARM.Collect$$libshutdown$$00000002  c_w.l(libshutdown2.o)
    0x08000200   0x08000200   0x00000000   Code   RO          874    .ARM.Collect$$libshutdown$$00000004  c_w.l(libshutdown2.o)
    0x08000200   0x08000200   0x00000000   Code   RO          877    .ARM.Collect$$libshutdown$$00000007  c_w.l(libshutdown2.o)
    0x08000200   0x08000200   0x00000000   Code   RO          880    .ARM.Collect$$libshutdown$$0000000A  c_w.l(libshutdown2.o)
    0x08000200   0x08000200   0x00000000   Code   RO          882    .ARM.Collect$$libshutdown$$0000000C  c_w.l(libshutdown2.o)
    0x08000200   0x08000200   0x00000000   Code   RO          885    .ARM.Collect$$libshutdown$$0000000F  c_w.l(libshutdown2.o)
    0x08000200   0x08000200   0x00000002   Code   RO          886    .ARM.Collect$$libshutdown$$00000010  c_w.l(libshutdown2.o)
    0x08000202   0x08000202   0x00000000   Code   RO          734    .ARM.Collect$$rtentry$$00000000  c_w.l(__rtentry.o)
    0x08000202   0x08000202   0x00000000   Code   RO          758    .ARM.Collect$$rtentry$$00000002  c_w.l(__rtentry2.o)
    0x08000202   0x08000202   0x00000006   Code   RO          770    .ARM.Collect$$rtentry$$00000004  c_w.l(__rtentry4.o)
    0x08000208   0x08000208   0x00000000   Code   RO          760    .ARM.Collect$$rtentry$$00000009  c_w.l(__rtentry2.o)
    0x08000208   0x08000208   0x00000004   Code   RO          761    .ARM.Collect$$rtentry$$0000000A  c_w.l(__rtentry2.o)
    0x0800020c   0x0800020c   0x00000000   Code   RO          763    .ARM.Collect$$rtentry$$0000000C  c_w.l(__rtentry2.o)
    0x0800020c   0x0800020c   0x00000008   Code   RO          764    .ARM.Collect$$rtentry$$0000000D  c_w.l(__rtentry2.o)
    0x08000214   0x08000214   0x00000002   Code   RO          798    .ARM.Collect$$rtexit$$00000000  c_w.l(rtexit.o)
    0x08000216   0x08000216   0x00000000   Code   RO          846    .ARM.Collect$$rtexit$$00000002  c_w.l(rtexit2.o)
    0x08000216   0x08000216   0x00000004   Code   RO          847    .ARM.Collect$$rtexit$$00000003  c_w.l(rtexit2.o)
    0x0800021a   0x0800021a   0x00000006   Code   RO          848    .ARM.Collect$$rtexit$$00000004  c_w.l(rtexit2.o)
    0x08000220   0x08000220   0x00000634   Code   RO            1    .text               main.o
    0x08000854   0x08000854   0x0000001a   Code   RO          163    .text               stm32f10x_it.o
    0x0800086e   0x0800086e   0x00000002   PAD
    0x08000870   0x08000870   0x000001e0   Code   RO          204    .text               system_stm32f10x.o
    0x08000a50   0x08000a50   0x00000050   Code   RO          222    .text               led.o
    0x08000aa0   0x08000aa0   0x00005846   Code   RO          234    .text               lcd.o
    0x080062e6   0x080062e6   0x00000002   PAD
    0x080062e8   0x080062e8   0x000001ec   Code   RO          264    .text               key.o
    0x080064d4   0x080064d4   0x000000e8   Code   RO          277    .text               spi.o
    0x080065bc   0x080065bc   0x0000032c   Code   RO          292    .text               24l01.o
    0x080068e8   0x080068e8   0x0000017a   Code   RO          307    .text               24cxx.o
    0x08006a62   0x08006a62   0x00000002   PAD
    0x08006a64   0x08006a64   0x00000258   Code   RO          319    .text               myiic.o
    0x08006cbc   0x08006cbc   0x00000260   Code   RO          331    .text               ctiic.o
    0x08006f1c   0x08006f1c   0x00000334   Code   RO          346    .text               ft5206.o
    0x08007250   0x08007250   0x000003e4   Code   RO          365    .text               gt9147.o
    0x08007634   0x08007634   0x0000036c   Code   RO          381    .text               ott2001a.o
    0x080079a0   0x080079a0   0x00000ca4   Code   RO          397    .text               touch.o
    0x08008644   0x08008644   0x0000017c   Code   RO          421    .text               timer.o
    0x080087c0   0x080087c0   0x000003a0   Code   RO          437    .text               chinese.o
    0x08008b60   0x08008b60   0x000000d4   Code   RO          452    .text               delay.o
    0x08008c34   0x08008c34   0x00000140   Code   RO          483    .text               usart.o
    0x08008d74   0x08008d74   0x00000040   Code   RO          519    .text               startup_stm32f10x_hd.o
    0x08008db4   0x08008db4   0x0000035c   Code   RO          523    .text               stm32f10x_gpio.o
    0x08009110   0x08009110   0x000003a4   Code   RO          535    .text               stm32f10x_rcc.o
    0x080094b4   0x080094b4   0x00000408   Code   RO          549    .text               stm32f10x_usart.o
    0x080098bc   0x080098bc   0x000000dc   Code   RO          561    .text               misc.o
    0x08009998   0x08009998   0x0000030c   Code   RO          573    .text               stm32f10x_spi.o
    0x08009ca4   0x08009ca4   0x0000011c   Code   RO          585    .text               stm32f10x_exti.o
    0x08009dc0   0x08009dc0   0x00000e1a   Code   RO          597    .text               stm32f10x_tim.o
    0x0800abda   0x0800abda   0x00000002   Code   RO          611    .text               c_w.l(use_no_semi_2.o)
    0x0800abdc   0x0800abdc   0x00000018   Code   RO          615    .text               c_w.l(noretval__2printf.o)
    0x0800abf4   0x0800abf4   0x00000068   Code   RO          617    .text               c_w.l(__printf.o)
    0x0800ac5c   0x0800ac5c   0x00000052   Code   RO          619    .text               c_w.l(_printf_str.o)
    0x0800acae   0x0800acae   0x00000002   PAD
    0x0800acb0   0x0800acb0   0x00000078   Code   RO          621    .text               c_w.l(_printf_dec.o)
    0x0800ad28   0x0800ad28   0x00000058   Code   RO          626    .text               c_w.l(_printf_hex_int.o)
    0x0800ad80   0x0800ad80   0x00000080   Code   RO          668    .text               c_w.l(strcmpv7m.o)
    0x0800ae00   0x0800ae00   0x00000006   Code   RO          670    .text               c_w.l(heapauxi.o)
    0x0800ae06   0x0800ae06   0x00000002   Code   RO          732    .text               c_w.l(use_no_semi.o)
    0x0800ae08   0x0800ae08   0x00000016   Code   RO          735    .text               c_w.l(_rserrno.o)
    0x0800ae1e   0x0800ae1e   0x000000b2   Code   RO          737    .text               c_w.l(_printf_intcommon.o)
    0x0800aed0   0x0800aed0   0x0000002c   Code   RO          739    .text               c_w.l(_printf_char.o)
    0x0800aefc   0x0800aefc   0x00000024   Code   RO          741    .text               c_w.l(_printf_char_file.o)
    0x0800af20   0x0800af20   0x00000008   Code   RO          775    .text               c_w.l(rt_errno_addr_intlibspace.o)
    0x0800af28   0x0800af28   0x00000030   Code   RO          777    .text               c_w.l(_printf_char_common.o)
    0x0800af58   0x0800af58   0x00000008   Code   RO          779    .text               c_w.l(ferror.o)
    0x0800af60   0x0800af60   0x00000008   Code   RO          783    .text               c_w.l(libspace.o)
    0x0800af68   0x0800af68   0x0000004a   Code   RO          786    .text               c_w.l(sys_stackheap_outer.o)
    0x0800afb2   0x0800afb2   0x00000012   Code   RO          790    .text               c_w.l(exit.o)
    0x0800afc4   0x0800afc4   0x0000004c   Code   RO          725    i.sqrt              m_ws.l(sqrt.o)
    0x0800b010   0x0800b010   0x00000150   Code   RO          674    x$fpl$dadd          fz_ws.l(daddsub_clz.o)
    0x0800b160   0x0800b160   0x00000018   Code   RO          744    x$fpl$dcmpinf       fz_ws.l(dcmpi.o)
    0x0800b178   0x0800b178   0x0000005a   Code   RO          680    x$fpl$dfixu         fz_ws.l(dfixu.o)
    0x0800b1d2   0x0800b1d2   0x0000002e   Code   RO          685    x$fpl$dflt          fz_ws.l(dflt_clz.o)
    0x0800b200   0x0800b200   0x00000026   Code   RO          684    x$fpl$dfltu         fz_ws.l(dflt_clz.o)
    0x0800b226   0x0800b226   0x00000002   PAD
    0x0800b228   0x0800b228   0x00000078   Code   RO          690    x$fpl$dleqf         fz_ws.l(dleqf.o)
    0x0800b2a0   0x0800b2a0   0x00000154   Code   RO          692    x$fpl$dmul          fz_ws.l(dmul.o)
    0x0800b3f4   0x0800b3f4   0x0000009c   Code   RO          746    x$fpl$dnaninf       fz_ws.l(dnaninf.o)
    0x0800b490   0x0800b490   0x0000000c   Code   RO          748    x$fpl$dretinf       fz_ws.l(dretinf.o)
    0x0800b49c   0x0800b49c   0x0000006c   Code   RO          694    x$fpl$drleqf        fz_ws.l(drleqf.o)
    0x0800b508   0x0800b508   0x00000016   Code   RO          675    x$fpl$drsb          fz_ws.l(daddsub_clz.o)
    0x0800b51e   0x0800b51e   0x00000002   PAD
    0x0800b520   0x0800b520   0x000001cc   Code   RO          750    x$fpl$dsqrt         fz_ws.l(dsqrt_noumaal.o)
    0x0800b6ec   0x0800b6ec   0x000001d4   Code   RO          676    x$fpl$dsub          fz_ws.l(daddsub_clz.o)
    0x0800b8c0   0x0800b8c0   0x00000056   Code   RO          696    x$fpl$f2d           fz_ws.l(f2d.o)
    0x0800b916   0x0800b916   0x00000002   PAD
    0x0800b918   0x0800b918   0x000000c4   Code   RO          698    x$fpl$fadd          fz_ws.l(faddsub_clz.o)
    0x0800b9dc   0x0800b9dc   0x00000184   Code   RO          705    x$fpl$fdiv          fz_ws.l(fdiv.o)
    0x0800bb60   0x0800bb60   0x00000036   Code   RO          708    x$fpl$ffix          fz_ws.l(ffix.o)
    0x0800bb96   0x0800bb96   0x00000002   PAD
    0x0800bb98   0x0800bb98   0x0000003e   Code   RO          712    x$fpl$ffixu         fz_ws.l(ffixu.o)
    0x0800bbd6   0x0800bbd6   0x00000002   PAD
    0x0800bbd8   0x0800bbd8   0x00000030   Code   RO          717    x$fpl$fflt          fz_ws.l(fflt_clz.o)
    0x0800bc08   0x0800bc08   0x00000026   Code   RO          716    x$fpl$ffltu         fz_ws.l(fflt_clz.o)
    0x0800bc2e   0x0800bc2e   0x00000002   PAD
    0x0800bc30   0x0800bc30   0x00000102   Code   RO          722    x$fpl$fmul          fz_ws.l(fmul.o)
    0x0800bd32   0x0800bd32   0x0000008c   Code   RO          752    x$fpl$fnaninf       fz_ws.l(fnaninf.o)
    0x0800bdbe   0x0800bdbe   0x0000000a   Code   RO          754    x$fpl$fretinf       fz_ws.l(fretinf.o)
    0x0800bdc8   0x0800bdc8   0x000000ea   Code   RO          700    x$fpl$fsub          fz_ws.l(faddsub_clz.o)
    0x0800beb2   0x0800beb2   0x00000000   Code   RO          756    x$fpl$usenofp       fz_ws.l(usenofp.o)
    0x0800beb2   0x0800beb2   0x000017c0   Data   RO          236    .constdata          lcd.o
    0x0800d672   0x0800d672   0x0000000a   Data   RO          293    .constdata          24l01.o
    0x0800d67c   0x0800d67c   0x0000000a   Data   RO          347    .constdata          ft5206.o
    0x0800d686   0x0800d686   0x000000c2   Data   RO          366    .constdata          gt9147.o
    0x0800d748   0x0800d748   0x0000000a   Data   RO          382    .constdata          ott2001a.o
    0x0800d752   0x0800d752   0x0000000c   Data   RO          398    .constdata          touch.o
    0x0800d75e   0x0800d75e   0x00000028   Data   RO          627    .constdata          c_w.l(_printf_hex_int.o)
    0x0800d786   0x0800d786   0x00000002   PAD
    0x0800d788   0x0800d788   0x00000079   Data   RO          399    .conststring        touch.o
    0x0800d801   0x0800d801   0x00000003   PAD
    0x0800d804   0x0800d804   0x00000020   Data   RO          918    Region$$Table       anon$$obj.o


    Execution Region RW_IRAM1 (Exec base: 0x20000000, Load base: 0x0800d824, Size: 0x00000c98, Max: 0x0000c000, ABSOLUTE, COMPRESSED[0x000003c0])

    Exec Addr    Load Addr    Size         Type   Attr      Idx    E Section Name        Object

    0x20000000   COMPRESSED   0x00000026   Data   RW            3    .data               main.o
    0x20000026   COMPRESSED   0x00000002   PAD
    0x20000028   COMPRESSED   0x00000014   Data   RW          205    .data               system_stm32f10x.o
    0x2000003c   COMPRESSED   0x00000004   Data   RW          237    .data               lcd.o
    0x20000040   COMPRESSED   0x00000001   Data   RW          348    .data               ft5206.o
    0x20000041   COMPRESSED   0x00000001   Data   RW          367    .data               gt9147.o
    0x20000042   COMPRESSED   0x00000001   Data   RW          383    .data               ott2001a.o
    0x20000043   COMPRESSED   0x00000001   PAD
    0x20000044   COMPRESSED   0x0000003c   Data   RW          400    .data               touch.o
    0x20000080   COMPRESSED   0x00000004   Data   RW          422    .data               timer.o
    0x20000084   COMPRESSED   0x00000468   Data   RW          438    .data               chinese.o
    0x200004ec   COMPRESSED   0x00000004   Data   RW          453    .data               delay.o
    0x200004f0   COMPRESSED   0x00000006   Data   RW          485    .data               usart.o
    0x200004f6   COMPRESSED   0x00000014   Data   RW          536    .data               stm32f10x_rcc.o
    0x2000050a   COMPRESSED   0x00000002   PAD
    0x2000050c        -       0x00000040   Zero   RW            2    .bss                main.o
    0x2000054c        -       0x0000000e   Zero   RW          235    .bss                lcd.o
    0x2000055a        -       0x00000012   Zero   RW          278    .bss                spi.o
    0x2000056c        -       0x000000c8   Zero   RW          484    .bss                usart.o
    0x20000634        -       0x00000060   Zero   RW          784    .bss                c_w.l(libspace.o)
    0x20000694   COMPRESSED   0x00000004   PAD
    0x20000698        -       0x00000200   Zero   RW          517    HEAP                startup_stm32f10x_hd.o
    0x20000898        -       0x00000400   Zero   RW          516    STACK               startup_stm32f10x_hd.o


==============================================================================

Image component sizes


      Code (inc. data)   RO Data    RW Data    ZI Data      Debug   Object Name

       378          0          0          0          0       2814   24cxx.o
       812         44         10          0          0       3819   24l01.o
       928         14          0       1128          0       3439   chinese.o
       608         18          0          0          0       2029   ctiic.o
       212         18          0          4          0       1051   delay.o
       820         36         10          1          0       2559   ft5206.o
       996         70        194          1          0       2962   gt9147.o
       492         34          0          0          0       1283   key.o
     22598        208       6080          4         14      25043   lcd.o
        80          8          0          0          0        503   led.o
      1588        260          0         38         64     265010   main.o
       220         22          0          0          0       1809   misc.o
       600         12          0          0          0       1880   myiic.o
       876         56         10          1          0       2711   ott2001a.o
       232         12          0          0         18       1313   spi.o
        64         26        304          0       1536        796   startup_stm32f10x_hd.o
       284         10          0          0          0       2263   stm32f10x_exti.o
       860         38          0          0          0       5741   stm32f10x_gpio.o
        26          0          0          0          0       1186   stm32f10x_it.o
       932         36          0         20          0       8924   stm32f10x_rcc.o
       780         14          0          0          0       6622   stm32f10x_spi.o
      3610         88          0          0          0      22848   stm32f10x_tim.o
      1032         22          0          0          0       8468   stm32f10x_usart.o
         0          0          0          0          0         32   sys.o
       480         38          0         20          0       1755   system_stm32f10x.o
       380         64          0          4          0       1317   timer.o
      3236        202        133         60          0       6759   touch.o
       320         16          0          6        200       3198   usart.o

    ----------------------------------------------------------------------
     43450       1366       6776       1292       1832     388134   Object Totals
         0          0         32          0          0          0   (incl. Generated)
         6          0          3          5          0          0   (incl. Padding)

    ----------------------------------------------------------------------

      Code (inc. data)   RO Data    RW Data    ZI Data      Debug   Library Member Name

        90          0          0          0          0          0   __dczerorl2.o
         8          0          0          0          0         68   __main.o
       104          0          0          0          0         84   __printf.o
         0          0          0          0          0          0   __rtentry.o
        12          0          0          0          0          0   __rtentry2.o
         6          0          0          0          0          0   __rtentry4.o
        52          8          0          0          0          0   __scatter.o
        28          0          0          0          0          0   __scatter_zi.o
        44          0          0          0          0        108   _printf_char.o
        48          6          0          0          0         96   _printf_char_common.o
        36          4          0          0          0         80   _printf_char_file.o
         6          0          0          0          0          0   _printf_d.o
       120         16          0          0          0         92   _printf_dec.o
        88          4         40          0          0         88   _printf_hex_int.o
       178          0          0          0          0         88   _printf_intcommon.o
         0          0          0          0          0          0   _printf_percent.o
         4          0          0          0          0          0   _printf_percent_end.o
         6          0          0          0          0          0   _printf_s.o
        82          0          0          0          0         80   _printf_str.o
         6          0          0          0          0          0   _printf_x.o
        22          0          0          0          0        100   _rserrno.o
        18          0          0          0          0         80   exit.o
         8          0          0          0          0         68   ferror.o
         6          0          0          0          0        152   heapauxi.o
         2          0          0          0          0          0   libinit.o
         2          0          0          0          0          0   libinit2.o
         2          0          0          0          0          0   libshutdown.o
         2          0          0          0          0          0   libshutdown2.o
         8          4          0          0         96         68   libspace.o
        24          4          0          0          0         84   noretval__2printf.o
         8          4          0          0          0         68   rt_errno_addr_intlibspace.o
         2          0          0          0          0          0   rtexit.o
        10          0          0          0          0          0   rtexit2.o
       128          0          0          0          0         68   strcmpv7m.o
        74          0          0          0          0         80   sys_stackheap_outer.o
         2          0          0          0          0         68   use_no_semi.o
         2          0          0          0          0         68   use_no_semi_2.o
       826         16          0          0          0        348   daddsub_clz.o
        24          0          0          0          0         68   dcmpi.o
        90          4          0          0          0         92   dfixu.o
        84          0          0          0          0        136   dflt_clz.o
       120          4          0          0          0         92   dleqf.o
       340         12          0          0          0        104   dmul.o
       156          4          0          0          0         92   dnaninf.o
        12          0          0          0          0         68   dretinf.o
       108          0          0          0          0         80   drleqf.o
       460         56          0          0          0        120   dsqrt_noumaal.o
        86          4          0          0          0         84   f2d.o
       430          8          0          0          0        168   faddsub_clz.o
       388         76          0          0          0         96   fdiv.o
        54          4          0          0          0         84   ffix.o
        62          4          0          0          0         84   ffixu.o
        86          0          0          0          0        136   fflt_clz.o
       258          4          0          0          0         84   fmul.o
       140          4          0          0          0         84   fnaninf.o
        10          0          0          0          0         68   fretinf.o
         0          0          0          0          0          0   usenofp.o
        76          0          0          0          0         84   sqrt.o

    ----------------------------------------------------------------------
      5064        250         42          0        100       3860   Library Totals
        16          0          2          0          4          0   (incl. Padding)

    ----------------------------------------------------------------------

      Code (inc. data)   RO Data    RW Data    ZI Data      Debug   Library Name

      1238         50         40          0         96       1688   c_w.l
      3734        200          0          0          0       2088   fz_ws.l
        76          0          0          0          0         84   m_ws.l

    ----------------------------------------------------------------------
      5064        250         42          0        100       3860   Library Totals

    ----------------------------------------------------------------------

==============================================================================


      Code (inc. data)   RO Data    RW Data    ZI Data      Debug   

     48514       1616       6818       1292       1932     387830   Grand Totals
     48514       1616       6818        960       1932     387830   ELF Image Totals (compressed)
     48514       1616       6818        960          0          0   ROM Totals

==============================================================================

    Total RO  Size (Code + RO Data)                55332 (  54.04kB)
    Total RW  Size (RW Data + ZI Data)              3224 (   3.15kB)
    Total ROM Size (Code + RO Data + RW Data)      56292 (  54.97kB)

==============================================================================

